Archive member included to satisfy reference by file (symbol)

/usr/local/Cellar/arm-none-eabi-gcc/9-2019-q4-major/gcc/bin/../lib/gcc/arm-none-eabi/9.2.1/thumb/v6-m/nofp/libgcc.a(_dvmd_tls.o)
                              CMakeFiles/Goggles.dir/Users/JJ/Desktop/SmartGoggles/pico-sdk/src/rp2_common/pico_divider/divider.S.obj (__aeabi_idiv0)
/usr/local/Cellar/arm-none-eabi-gcc/9-2019-q4-major/gcc/bin/../lib/gcc/arm-none-eabi/9.2.1/../../../../arm-none-eabi/lib/thumb/v6-m/nofp/libg.a(lib_a-calloc.o)
                              CMakeFiles/Goggles.dir/Users/JJ/Desktop/SmartGoggles/pico-sdk/src/rp2_common/pico_malloc/pico_malloc.c.obj (calloc)
/usr/local/Cellar/arm-none-eabi-gcc/9-2019-q4-major/gcc/bin/../lib/gcc/arm-none-eabi/9.2.1/../../../../arm-none-eabi/lib/thumb/v6-m/nofp/libg.a(lib_a-callocr.o)
                              /usr/local/Cellar/arm-none-eabi-gcc/9-2019-q4-major/gcc/bin/../lib/gcc/arm-none-eabi/9.2.1/../../../../arm-none-eabi/lib/thumb/v6-m/nofp/libg.a(lib_a-calloc.o) (_calloc_r)
/usr/local/Cellar/arm-none-eabi-gcc/9-2019-q4-major/gcc/bin/../lib/gcc/arm-none-eabi/9.2.1/../../../../arm-none-eabi/lib/thumb/v6-m/nofp/libg.a(lib_a-ctype_.o)
                              CMakeFiles/Goggles.dir/Users/JJ/Desktop/SmartGoggles/pico-sdk/lib/tinyusb/src/tusb.c.obj (_ctype_)
/usr/local/Cellar/arm-none-eabi-gcc/9-2019-q4-major/gcc/bin/../lib/gcc/arm-none-eabi/9.2.1/../../../../arm-none-eabi/lib/thumb/v6-m/nofp/libg.a(lib_a-impure.o)
                              /usr/local/Cellar/arm-none-eabi-gcc/9-2019-q4-major/gcc/bin/../lib/gcc/arm-none-eabi/9.2.1/../../../../arm-none-eabi/lib/thumb/v6-m/nofp/libg.a(lib_a-calloc.o) (_impure_ptr)
/usr/local/Cellar/arm-none-eabi-gcc/9-2019-q4-major/gcc/bin/../lib/gcc/arm-none-eabi/9.2.1/../../../../arm-none-eabi/lib/thumb/v6-m/nofp/libg.a(lib_a-init.o)
                              /usr/local/Cellar/arm-none-eabi-gcc/9-2019-q4-major/gcc/bin/../lib/gcc/arm-none-eabi/9.2.1/../../../../arm-none-eabi/lib/thumb/v6-m/nofp/crt0.o (__libc_init_array)
/usr/local/Cellar/arm-none-eabi-gcc/9-2019-q4-major/gcc/bin/../lib/gcc/arm-none-eabi/9.2.1/../../../../arm-none-eabi/lib/thumb/v6-m/nofp/libg.a(lib_a-malloc.o)
                              CMakeFiles/Goggles.dir/Users/JJ/Desktop/SmartGoggles/pico-sdk/src/rp2_common/pico_malloc/pico_malloc.c.obj (malloc)
/usr/local/Cellar/arm-none-eabi-gcc/9-2019-q4-major/gcc/bin/../lib/gcc/arm-none-eabi/9.2.1/../../../../arm-none-eabi/lib/thumb/v6-m/nofp/libg.a(lib_a-mallocr.o)
                              /usr/local/Cellar/arm-none-eabi-gcc/9-2019-q4-major/gcc/bin/../lib/gcc/arm-none-eabi/9.2.1/../../../../arm-none-eabi/lib/thumb/v6-m/nofp/libg.a(lib_a-callocr.o) (_malloc_r)
/usr/local/Cellar/arm-none-eabi-gcc/9-2019-q4-major/gcc/bin/../lib/gcc/arm-none-eabi/9.2.1/../../../../arm-none-eabi/lib/thumb/v6-m/nofp/libg.a(lib_a-mlock.o)
                              /usr/local/Cellar/arm-none-eabi-gcc/9-2019-q4-major/gcc/bin/../lib/gcc/arm-none-eabi/9.2.1/../../../../arm-none-eabi/lib/thumb/v6-m/nofp/libg.a(lib_a-mallocr.o) (__malloc_lock)
/usr/local/Cellar/arm-none-eabi-gcc/9-2019-q4-major/gcc/bin/../lib/gcc/arm-none-eabi/9.2.1/../../../../arm-none-eabi/lib/thumb/v6-m/nofp/libg.a(lib_a-sbrkr.o)
                              /usr/local/Cellar/arm-none-eabi-gcc/9-2019-q4-major/gcc/bin/../lib/gcc/arm-none-eabi/9.2.1/../../../../arm-none-eabi/lib/thumb/v6-m/nofp/libg.a(lib_a-mallocr.o) (_sbrk_r)
/usr/local/Cellar/arm-none-eabi-gcc/9-2019-q4-major/gcc/bin/../lib/gcc/arm-none-eabi/9.2.1/../../../../arm-none-eabi/lib/thumb/v6-m/nofp/libg.a(lib_a-strlen-stub.o)
                              CMakeFiles/Goggles.dir/Users/JJ/Desktop/SmartGoggles/pico-sdk/src/rp2_common/pico_stdio/stdio.c.obj (strlen)
/usr/local/Cellar/arm-none-eabi-gcc/9-2019-q4-major/gcc/bin/../lib/gcc/arm-none-eabi/9.2.1/../../../../arm-none-eabi/lib/thumb/v6-m/nofp/libg.a(lib_a-freer.o)
                              /usr/local/Cellar/arm-none-eabi-gcc/9-2019-q4-major/gcc/bin/../lib/gcc/arm-none-eabi/9.2.1/../../../../arm-none-eabi/lib/thumb/v6-m/nofp/libg.a(lib_a-malloc.o) (_free_r)
/usr/local/Cellar/arm-none-eabi-gcc/9-2019-q4-major/gcc/bin/../lib/gcc/arm-none-eabi/9.2.1/../../../../arm-none-eabi/lib/thumb/v6-m/nofp/libg.a(lib_a-lock.o)
                              /usr/local/Cellar/arm-none-eabi-gcc/9-2019-q4-major/gcc/bin/../lib/gcc/arm-none-eabi/9.2.1/../../../../arm-none-eabi/lib/thumb/v6-m/nofp/libg.a(lib_a-mlock.o) (__retarget_lock_acquire_recursive)
/usr/local/Cellar/arm-none-eabi-gcc/9-2019-q4-major/gcc/bin/../lib/gcc/arm-none-eabi/9.2.1/../../../../arm-none-eabi/lib/thumb/v6-m/nofp/libg.a(lib_a-reent.o)
                              /usr/local/Cellar/arm-none-eabi-gcc/9-2019-q4-major/gcc/bin/../lib/gcc/arm-none-eabi/9.2.1/../../../../arm-none-eabi/lib/thumb/v6-m/nofp/libg.a(lib_a-sbrkr.o) (errno)

Allocating common symbols
Common symbol       size              file

__lock___atexit_recursive_mutex
[...]
Memory Configuration

Name             Origin             Length             Attributes
FLASH            0x0000000010000000 0x0000000000200000 xr
RAM              0x0000000020000000 0x0000000000040000 xrw
SCRATCH_X        0x0000000020040000 0x0000000000001000 xrw
SCRATCH_Y        0x0000000020041000 0x0000000000001000 xrw
*default*        0x0000000000000000 0xffffffffffffffff

Linker script and memory map

LOAD /usr/local/Cellar/arm-none-eabi-gcc/9-2019-q4-major/gcc/bin/../lib/gcc/arm-none-eabi/9.2.1/thumb/v6-m/nofp/crti.o
LOAD /usr/local/Cellar/arm-none-eabi-gcc/9-2019-q4-major/gcc/bin/../lib/gcc/arm-none-eabi/9.2.1/thumb/v6-m/nofp/crtbegin.o
LOAD /usr/local/Cellar/arm-none-eabi-gcc/9-2019-q4-major/gcc/bin/../lib/gcc/arm-none-eabi/9.2.1/../../../../arm-none-eabi/lib/thumb/v6-m/nofp/crt0.o

.flash_begin    0x0000000010000000        0x0
                0x0000000010000000                __flash_binary_start = .

.boot2          0x0000000010000000      0x100
                0x0000000010000000                __boot2_start__ = .
 *(.boot2)
 .boot2         0x0000000010000000      0x100 /var/folders/6w/vb9v779n5x33zstc685r1vt00000gn/T//ccmLD8UR.o
                0x0000000010000100                __boot2_end__ = .
                0x0000000000000001                ASSERT (((__boot2_end__ - __boot2_start__) == 0x100), ERROR: Pico second stage bootloader must be 256 bytes in size)

.text           0x0000000010000100     0x72e0
                0x0000000010000100                __logical_binary_start = .
 *(.vectors)
 .vectors       0x0000000010000100       0xd4 CMakeFiles/Goggles.dir/Users/JJ/Desktop/SmartGoggles/pico-sdk/src/rp2_common/pico_standard_link/crt0.S.obj
                0x0000000010000100                __vectors
                0x00000000100001c0                isr_invalid
                0x00000000100001c2                isr_nmi
                0x00000000100001c4                isr_hardfault
                0x00000000100001c6                isr_svcall
                0x00000000100001c8                isr_pendsv
                0x00000000100001ca                isr_systick
                0x00000000100001cc                isr_irq23
                0x00000000100001cc                isr_irq18
                0x00000000100001cc                isr_irq28
                0x00000000100001cc                isr_irq19
                0x00000000100001cc                isr_irq0
                0x00000000100001cc                isr_irq6
                0x00000000100001cc                isr_irq22
                0x00000000100001cc                isr_irq17
                0x00000000100001cc                isr_irq14
                0x00000000100001cc                isr_irq2
                0x00000000100001cc                isr_irq10
                0x00000000100001cc                isr_irq8
                0x00000000100001cc                isr_irq24
                0x00000000100001cc                isr_irq1
                0x00000000100001cc                isr_irq7
                0x00000000100001cc                isr_irq21
                0x00000000100001cc                isr_irq20
                0x00000000100001cc                isr_irq15
                0x00000000100001cc                isr_irq25
                0x00000000100001cc                isr_irq4
                0x00000000100001cc                isr_irq16
                0x00000000100001cc                isr_irq29
                0x00000000100001cc                isr_irq26
                0x00000000100001cc                isr_irq3
                0x00000000100001cc                isr_irq9
                0x00000000100001cc                __unhandled_user_irq
                0x00000000100001cc                isr_irq13
                0x00000000100001cc                isr_irq27
                0x00000000100001cc                isr_irq31
                0x00000000100001cc                isr_irq5
                0x00000000100001cc                isr_irq11
                0x00000000100001cc                isr_irq30
                0x00000000100001cc                isr_irq12
                0x00000000100001d2                unhandled_user_irq_num_in_r0
 *(.binary_info_header)
 .binary_info_header
                0x00000000100001d4       0x14 CMakeFiles/Goggles.dir/Users/JJ/Desktop/SmartGoggles/pico-sdk/src/rp2_common/pico_standard_link/crt0.S.obj
                0x00000000100001e8                __binary_info_header_end = .
 *(.reset)
 .reset         0x00000000100001e8       0xa8 CMakeFiles/Goggles.dir/Users/JJ/Desktop/SmartGoggles/pico-sdk/src/rp2_common/pico_standard_link/crt0.S.obj
                0x00000000100001e8                _entry_point
                0x0000000010000266                __get_current_exception
 .reset         0x0000000010000290       0x30 CMakeFiles/Goggles.dir/Users/JJ/Desktop/SmartGoggles/pico-sdk/src/rp2_common/pico_standard_link/binary_info.c.obj
 *(.init)
 .init          0x00000000100002c0        0x4 /usr/local/Cellar/arm-none-eabi-gcc/9-2019-q4-major/gcc/bin/../lib/gcc/arm-none-eabi/9.2.1/thumb/v6-m/nofp/crti.o
                0x00000000100002c0                _init
 *(EXCLUDE_FILE(*libm.a: *libc.a:*lib_a-mem*.o *libgcc.a:) .text*)
 .text          0x00000000100002c4       0x48 /usr/local/Cellar/arm-none-eabi-gcc/9-2019-q4-major/gcc/bin/../lib/gcc/arm-none-eabi/9.2.1/thumb/v6-m/nofp/crtbegin.o
 .text.main     0x000000001000030c       0x40 CMakeFiles/Goggles.dir/src/main.c.obj
                0x000000001000030c                main
 .text.display_set_backlight
                0x000000001000034c       0x1c CMakeFiles/Goggles.dir/src/display.c.obj
                0x000000001000034c                display_set_backlight
 .text.display_setup_backlight
                0x0000000010000368       0x2c CMakeFiles/Goggles.dir/src/display.c.obj
                0x0000000010000368                display_setup_backlight
 .text.display_setup
                0x0000000010000394       0x88 CMakeFiles/Goggles.dir/src/display.c.obj
                0x0000000010000394                display_setup
 .text.touch_callback
                0x000000001000041c       0x10 CMakeFiles/Goggles.dir/src/touch.c.obj
                0x000000001000041c                touch_callback
 .text.touch_setup
                0x000000001000042c       0x38 CMakeFiles/Goggles.dir/src/touch.c.obj
                0x000000001000042c                touch_setup
 .text.touch_read_data
                0x0000000010000464       0xd4 CMakeFiles/Goggles.dir/src/touch.c.obj
                0x0000000010000464                touch_read_data
 .text.touch_setup_interrupt
                0x0000000010000538       0x14 CMakeFiles/Goggles.dir/src/touch.c.obj
                0x0000000010000538                touch_setup_interrupt
 .text.gpio_set_function
                0x000000001000054c       0x30 CMakeFiles/Goggles.dir/Users/JJ/Desktop/SmartGoggles/pico-sdk/src/rp2_common/hardware_gpio/gpio.c.obj
                0x000000001000054c                gpio_set_function
 .text.gpio_set_pulls
                0x000000001000057c       0x34 CMakeFiles/Goggles.dir/Users/JJ/Desktop/SmartGoggles/pico-sdk/src/rp2_common/hardware_gpio/gpio.c.obj
                0x000000001000057c                gpio_set_pulls
 .text.gpio_acknowledge_irq
                0x00000000100005b0       0x18 CMakeFiles/Goggles.dir/Users/JJ/Desktop/SmartGoggles/pico-sdk/src/rp2_common/hardware_gpio/gpio.c.obj
                0x00000000100005b0                gpio_acknowledge_irq
 .text._gpio_set_irq_enabled
                0x00000000100005c8       0x34 CMakeFiles/Goggles.dir/Users/JJ/Desktop/SmartGoggles/pico-sdk/src/rp2_common/hardware_gpio/gpio.c.obj
 .text.gpio_set_irq_enabled
                0x00000000100005fc       0x20 CMakeFiles/Goggles.dir/Users/JJ/Desktop/SmartGoggles/pico-sdk/src/rp2_common/hardware_gpio/gpio.c.obj
                0x00000000100005fc                gpio_set_irq_enabled
 .text.gpio_set_irq_enabled_with_callback
                0x000000001000061c       0x30 CMakeFiles/Goggles.dir/Users/JJ/Desktop/SmartGoggles/pico-sdk/src/rp2_common/hardware_gpio/gpio.c.obj
                0x000000001000061c                gpio_set_irq_enabled_with_callback
 .text.gpio_irq_handler
                0x000000001000064c       0x68 CMakeFiles/Goggles.dir/Users/JJ/Desktop/SmartGoggles/pico-sdk/src/rp2_common/hardware_gpio/gpio.c.obj
 .text.gpio_init
                0x00000000100006b4       0x16 CMakeFiles/Goggles.dir/Users/JJ/Desktop/SmartGoggles/pico-sdk/src/rp2_common/hardware_gpio/gpio.c.obj
                0x00000000100006b4                gpio_init
 *fill*         0x00000000100006ca        0x2 
 .text.hw_claim_lock
                0x00000000100006cc       0x18 CMakeFiles/Goggles.dir/Users/JJ/Desktop/SmartGoggles/pico-sdk/src/rp2_common/hardware_claim/claim.c.obj
                0x00000000100006cc                hw_claim_lock
 .text.hw_claim_unlock
                0x00000000100006e4       0x14 CMakeFiles/Goggles.dir/Users/JJ/Desktop/SmartGoggles/pico-sdk/src/rp2_common/hardware_claim/claim.c.obj
                0x00000000100006e4                hw_claim_unlock
 .text.hw_claim_or_assert
                0x00000000100006f8       0x36 CMakeFiles/Goggles.dir/Users/JJ/Desktop/SmartGoggles/pico-sdk/src/rp2_common/hardware_claim/claim.c.obj
                0x00000000100006f8                hw_claim_or_assert
 .text.hw_claim_unused_from_range
                0x000000001000072e       0x58 CMakeFiles/Goggles.dir/Users/JJ/Desktop/SmartGoggles/pico-sdk/src/rp2_common/hardware_claim/claim.c.obj
                0x000000001000072e                hw_claim_unused_from_range
 *fill*         0x0000000010000786        0x2 
 .text.spin_locks_reset
                0x0000000010000788       0x20 CMakeFiles/Goggles.dir/Users/JJ/Desktop/SmartGoggles/pico-sdk/src/rp2_common/hardware_sync/sync.c.obj
                0x0000000010000788                spin_locks_reset
 .text.next_striped_spin_lock_num
                0x00000000100007a8       0x1c CMakeFiles/Goggles.dir/Users/JJ/Desktop/SmartGoggles/pico-sdk/src/rp2_common/hardware_sync/sync.c.obj
                0x00000000100007a8                next_striped_spin_lock_num
 .text.spin_lock_claim_unused
                0x00000000100007c4       0x20 CMakeFiles/Goggles.dir/Users/JJ/Desktop/SmartGoggles/pico-sdk/src/rp2_common/hardware_sync/sync.c.obj
                0x00000000100007c4                spin_lock_claim_unused
 .text.running_on_fpga
                0x00000000100007e4       0x14 CMakeFiles/Goggles.dir/Users/JJ/Desktop/SmartGoggles/pico-sdk/src/rp2_common/pico_platform/platform.c.obj
                0x00000000100007e4                running_on_fpga
 .text.uart_set_baudrate
                0x00000000100007f8       0x64 CMakeFiles/Goggles.dir/Users/JJ/Desktop/SmartGoggles/pico-sdk/src/rp2_common/hardware_uart/uart.c.obj
                0x00000000100007f8                uart_set_baudrate
 .text.uart_set_translate_crlf
                0x000000001000085c       0x28 CMakeFiles/Goggles.dir/Users/JJ/Desktop/SmartGoggles/pico-sdk/src/rp2_common/hardware_uart/uart.c.obj
                0x000000001000085c                uart_set_translate_crlf
 .text.uart_init
                0x0000000010000884       0x80 CMakeFiles/Goggles.dir/Users/JJ/Desktop/SmartGoggles/pico-sdk/src/rp2_common/hardware_uart/uart.c.obj
                0x0000000010000884                uart_init
 .text.sev_callback
                0x0000000010000904        0x8 CMakeFiles/Goggles.dir/Users/JJ/Desktop/SmartGoggles/pico-sdk/src/common/pico_time/time.c.obj
 .text.alarm_pool_post_alloc_init
                0x000000001000090c       0x40 CMakeFiles/Goggles.dir/Users/JJ/Desktop/SmartGoggles/pico-sdk/src/common/pico_time/time.c.obj
 .text.timer_pool_entry_comparator
                0x000000001000094c       0x7c CMakeFiles/Goggles.dir/Users/JJ/Desktop/SmartGoggles/pico-sdk/src/common/pico_time/time.c.obj
                0x000000001000094c                timer_pool_entry_comparator
 .text.ph_add_child_node
                0x00000000100009c8       0xa4 CMakeFiles/Goggles.dir/Users/JJ/Desktop/SmartGoggles/pico-sdk/src/common/pico_time/time.c.obj
 .text.ph_merge_nodes
                0x0000000010000a6c       0x3e CMakeFiles/Goggles.dir/Users/JJ/Desktop/SmartGoggles/pico-sdk/src/common/pico_time/time.c.obj
 *fill*         0x0000000010000aaa        0x2 
 .text.add_alarm_under_lock
                0x0000000010000aac      0x174 CMakeFiles/Goggles.dir/Users/JJ/Desktop/SmartGoggles/pico-sdk/src/common/pico_time/time.c.obj
 .text.alarm_pool_alarm_callback
                0x0000000010000c20      0x32c CMakeFiles/Goggles.dir/Users/JJ/Desktop/SmartGoggles/pico-sdk/src/common/pico_time/time.c.obj
 .text.alarm_pool_init_default
                0x0000000010000f4c       0x2c CMakeFiles/Goggles.dir/Users/JJ/Desktop/SmartGoggles/pico-sdk/src/common/pico_time/time.c.obj
                0x0000000010000f4c                alarm_pool_init_default
 .text.alarm_pool_get_default
                0x0000000010000f78       0x2c CMakeFiles/Goggles.dir/Users/JJ/Desktop/SmartGoggles/pico-sdk/src/common/pico_time/time.c.obj
                0x0000000010000f78                alarm_pool_get_default
 .text.alarm_pool_add_alarm_at
                0x0000000010000fa4      0x170 CMakeFiles/Goggles.dir/Users/JJ/Desktop/SmartGoggles/pico-sdk/src/common/pico_time/time.c.obj
                0x0000000010000fa4                alarm_pool_add_alarm_at
 .text.alarm_pool_cancel_alarm
                0x0000000010001114       0xec CMakeFiles/Goggles.dir/Users/JJ/Desktop/SmartGoggles/pico-sdk/src/common/pico_time/time.c.obj
                0x0000000010001114                alarm_pool_cancel_alarm
 .text.sleep_until
                0x0000000010001200       0xd4 CMakeFiles/Goggles.dir/Users/JJ/Desktop/SmartGoggles/pico-sdk/src/common/pico_time/time.c.obj
                0x0000000010001200                sleep_until
 .text.sleep_us
                0x00000000100012d4       0x58 CMakeFiles/Goggles.dir/Users/JJ/Desktop/SmartGoggles/pico-sdk/src/common/pico_time/time.c.obj
                0x00000000100012d4                sleep_us
 .text.sleep_ms
                0x000000001000132c       0x14 CMakeFiles/Goggles.dir/Users/JJ/Desktop/SmartGoggles/pico-sdk/src/common/pico_time/time.c.obj
                0x000000001000132c                sleep_ms
 .text.best_effort_wfe_or_timeout
                0x0000000010001340       0x80 CMakeFiles/Goggles.dir/Users/JJ/Desktop/SmartGoggles/pico-sdk/src/common/pico_time/time.c.obj
                0x0000000010001340                best_effort_wfe_or_timeout
 .text.hardware_alarm_irq_handler
                0x00000000100013c0       0x8c CMakeFiles/Goggles.dir/Users/JJ/Desktop/SmartGoggles/pico-sdk/src/rp2_common/hardware_timer/timer.c.obj
 .text.hardware_alarm_claim
                0x000000001000144c       0x18 CMakeFiles/Goggles.dir/Users/JJ/Desktop/SmartGoggles/pico-sdk/src/rp2_common/hardware_timer/timer.c.obj
                0x000000001000144c                hardware_alarm_claim
 .text.time_us_64
                0x0000000010001464       0x18 CMakeFiles/Goggles.dir/Users/JJ/Desktop/SmartGoggles/pico-sdk/src/rp2_common/hardware_timer/timer.c.obj
                0x0000000010001464                time_us_64
 .text.busy_wait_until
                0x000000001000147c       0x24 CMakeFiles/Goggles.dir/Users/JJ/Desktop/SmartGoggles/pico-sdk/src/rp2_common/hardware_timer/timer.c.obj
                0x000000001000147c                busy_wait_until
 .text.hardware_alarm_set_callback
                0x00000000100014a0       0x90 CMakeFiles/Goggles.dir/Users/JJ/Desktop/SmartGoggles/pico-sdk/src/rp2_common/hardware_timer/timer.c.obj
                0x00000000100014a0                hardware_alarm_set_callback
 .text.hardware_alarm_set_target
                0x0000000010001530       0xe8 CMakeFiles/Goggles.dir/Users/JJ/Desktop/SmartGoggles/pico-sdk/src/rp2_common/hardware_timer/timer.c.obj
                0x0000000010001530                hardware_alarm_set_target
 .text.hardware_alarm_cancel
                0x0000000010001618       0x40 CMakeFiles/Goggles.dir/Users/JJ/Desktop/SmartGoggles/pico-sdk/src/rp2_common/hardware_timer/timer.c.obj
                0x0000000010001618                hardware_alarm_cancel
 .text.lock_init
                0x0000000010001658       0x10 CMakeFiles/Goggles.dir/Users/JJ/Desktop/SmartGoggles/pico-sdk/src/common/pico_sync/lock_core.c.obj
                0x0000000010001658                lock_init
 .text.mutex_init
                0x0000000010001668       0x1a CMakeFiles/Goggles.dir/Users/JJ/Desktop/SmartGoggles/pico-sdk/src/common/pico_sync/mutex.c.obj
                0x0000000010001668                mutex_init
 .text.critical_section_init_with_lock_num
                0x0000000010001682        0xc CMakeFiles/Goggles.dir/Users/JJ/Desktop/SmartGoggles/pico-sdk/src/common/pico_sync/critical_section.c.obj
                0x0000000010001682                critical_section_init_with_lock_num
 .text.critical_section_init
                0x000000001000168e       0x14 CMakeFiles/Goggles.dir/Users/JJ/Desktop/SmartGoggles/pico-sdk/src/common/pico_sync/critical_section.c.obj
                0x000000001000168e                critical_section_init
 *fill*         0x00000000100016a2        0x2 
 .text.ph_add_child_node
                0x00000000100016a4       0xa4 CMakeFiles/Goggles.dir/Users/JJ/Desktop/SmartGoggles/pico-sdk/src/common/pico_util/pheap.c.obj
 .text.ph_merge_nodes
                0x0000000010001748       0x3e CMakeFiles/Goggles.dir/Users/JJ/Desktop/SmartGoggles/pico-sdk/src/common/pico_util/pheap.c.obj
 *fill*         0x0000000010001786        0x2 
 .text.ph_clear
                0x0000000010001788       0x70 CMakeFiles/Goggles.dir/Users/JJ/Desktop/SmartGoggles/pico-sdk/src/common/pico_util/pheap.c.obj
                0x0000000010001788                ph_clear
 .text.ph_post_alloc_init
                0x00000000100017f8        0xe CMakeFiles/Goggles.dir/Users/JJ/Desktop/SmartGoggles/pico-sdk/src/common/pico_util/pheap.c.obj
                0x00000000100017f8                ph_post_alloc_init
 *fill*         0x0000000010001806        0x2 
 .text.ph_merge_two_pass
                0x0000000010001808       0xa8 CMakeFiles/Goggles.dir/Users/JJ/Desktop/SmartGoggles/pico-sdk/src/common/pico_util/pheap.c.obj
                0x0000000010001808                ph_merge_two_pass
 .text.ph_remove_any_head
                0x00000000100018b0      0x108 CMakeFiles/Goggles.dir/Users/JJ/Desktop/SmartGoggles/pico-sdk/src/common/pico_util/pheap.c.obj
 .text.ph_remove_head
                0x00000000100019b8       0x14 CMakeFiles/Goggles.dir/Users/JJ/Desktop/SmartGoggles/pico-sdk/src/common/pico_util/pheap.c.obj
                0x00000000100019b8                ph_remove_head
 .text.ph_remove_and_free_node
                0x00000000100019cc       0xf8 CMakeFiles/Goggles.dir/Users/JJ/Desktop/SmartGoggles/pico-sdk/src/common/pico_util/pheap.c.obj
                0x00000000100019cc                ph_remove_and_free_node
 .text.runtime_init
                0x0000000010001ac4       0xcc CMakeFiles/Goggles.dir/Users/JJ/Desktop/SmartGoggles/pico-sdk/src/rp2_common/pico_runtime/runtime.c.obj
                0x0000000010001ac4                runtime_init
 .text._exit    0x0000000010001b90        0x4 CMakeFiles/Goggles.dir/Users/JJ/Desktop/SmartGoggles/pico-sdk/src/rp2_common/pico_runtime/runtime.c.obj
                0x0000000010001b90                _exit
 .text.exit     0x0000000010001b94        0x6 CMakeFiles/Goggles.dir/Users/JJ/Desktop/SmartGoggles/pico-sdk/src/rp2_common/pico_runtime/runtime.c.obj
                0x0000000010001b94                exit
 *fill*         0x0000000010001b9a        0x2 
 .text.__assert_func
                0x0000000010001b9c       0x3c CMakeFiles/Goggles.dir/Users/JJ/Desktop/SmartGoggles/pico-sdk/src/rp2_common/pico_runtime/runtime.c.obj
                0x0000000010001b9c                __assert_func
 .text.panic    0x0000000010001bd8       0x30 CMakeFiles/Goggles.dir/Users/JJ/Desktop/SmartGoggles/pico-sdk/src/rp2_common/pico_runtime/runtime.c.obj
                0x0000000010001bd8                panic
 .text.clock_configure
                0x0000000010001c08       0xe8 CMakeFiles/Goggles.dir/Users/JJ/Desktop/SmartGoggles/pico-sdk/src/rp2_common/hardware_clocks/clocks.c.obj
                0x0000000010001c08                clock_configure
 .text.clocks_init
                0x0000000010001cf0      0x124 CMakeFiles/Goggles.dir/Users/JJ/Desktop/SmartGoggles/pico-sdk/src/rp2_common/hardware_clocks/clocks.c.obj
                0x0000000010001cf0                clocks_init
 .text.clock_get_hz
                0x0000000010001e14        0xc CMakeFiles/Goggles.dir/Users/JJ/Desktop/SmartGoggles/pico-sdk/src/rp2_common/hardware_clocks/clocks.c.obj
                0x0000000010001e14                clock_get_hz
 .text.watchdog_start_tick
                0x0000000010001e20       0x10 CMakeFiles/Goggles.dir/Users/JJ/Desktop/SmartGoggles/pico-sdk/src/rp2_common/hardware_watchdog/watchdog.c.obj
                0x0000000010001e20                watchdog_start_tick
 .text.watchdog_update
                0x0000000010001e30       0x14 CMakeFiles/Goggles.dir/Users/JJ/Desktop/SmartGoggles/pico-sdk/src/rp2_common/hardware_watchdog/watchdog.c.obj
                0x0000000010001e30                watchdog_update
 .text._watchdog_enable
                0x0000000010001e44       0x70 CMakeFiles/Goggles.dir/Users/JJ/Desktop/SmartGoggles/pico-sdk/src/rp2_common/hardware_watchdog/watchdog.c.obj
                0x0000000010001e44                _watchdog_enable
 .text.watchdog_reboot
                0x0000000010001eb4       0x48 CMakeFiles/Goggles.dir/Users/JJ/Desktop/SmartGoggles/pico-sdk/src/rp2_common/hardware_watchdog/watchdog.c.obj
                0x0000000010001eb4                watchdog_reboot
 .text.xosc_init
                0x0000000010001efc       0x28 CMakeFiles/Goggles.dir/Users/JJ/Desktop/SmartGoggles/pico-sdk/src/rp2_common/hardware_xosc/xosc.c.obj
                0x0000000010001efc                xosc_init
 .text.pll_init
                0x0000000010001f24       0xd0 CMakeFiles/Goggles.dir/Users/JJ/Desktop/SmartGoggles/pico-sdk/src/rp2_common/hardware_pll/pll.c.obj
                0x0000000010001f24                pll_init
 .text.set_raw_irq_handler_and_unlock
                0x0000000010001ff4       0x28 CMakeFiles/Goggles.dir/Users/JJ/Desktop/SmartGoggles/pico-sdk/src/rp2_common/hardware_irq/irq.c.obj
 .text.make_branch
                0x000000001000201c       0x34 CMakeFiles/Goggles.dir/Users/JJ/Desktop/SmartGoggles/pico-sdk/src/rp2_common/hardware_irq/irq.c.obj
 .text.insert_branch_and_link
                0x0000000010002050       0x40 CMakeFiles/Goggles.dir/Users/JJ/Desktop/SmartGoggles/pico-sdk/src/rp2_common/hardware_irq/irq.c.obj
 .text.irq_is_enabled
                0x0000000010002090       0x18 CMakeFiles/Goggles.dir/Users/JJ/Desktop/SmartGoggles/pico-sdk/src/rp2_common/hardware_irq/irq.c.obj
                0x0000000010002090                irq_is_enabled
 .text.irq_set_mask_enabled
                0x00000000100020a8       0x20 CMakeFiles/Goggles.dir/Users/JJ/Desktop/SmartGoggles/pico-sdk/src/rp2_common/hardware_irq/irq.c.obj
                0x00000000100020a8                irq_set_mask_enabled
 .text.irq_set_enabled
                0x00000000100020c8        0xe CMakeFiles/Goggles.dir/Users/JJ/Desktop/SmartGoggles/pico-sdk/src/rp2_common/hardware_irq/irq.c.obj
                0x00000000100020c8                irq_set_enabled
 *fill*         0x00000000100020d6        0x2 
 .text.irq_set_pending
                0x00000000100020d8       0x10 CMakeFiles/Goggles.dir/Users/JJ/Desktop/SmartGoggles/pico-sdk/src/rp2_common/hardware_irq/irq.c.obj
                0x00000000100020d8                irq_set_pending
 .text.irq_get_vtable_handler
                0x00000000100020e8       0x10 CMakeFiles/Goggles.dir/Users/JJ/Desktop/SmartGoggles/pico-sdk/src/rp2_common/hardware_irq/irq.c.obj
                0x00000000100020e8                irq_get_vtable_handler
 .text.irq_set_exclusive_handler
                0x00000000100020f8       0x54 CMakeFiles/Goggles.dir/Users/JJ/Desktop/SmartGoggles/pico-sdk/src/rp2_common/hardware_irq/irq.c.obj
                0x00000000100020f8                irq_set_exclusive_handler
 .text.irq_remove_handler
                0x000000001000214c      0x1ac CMakeFiles/Goggles.dir/Users/JJ/Desktop/SmartGoggles/pico-sdk/src/rp2_common/hardware_irq/irq.c.obj
                0x000000001000214c                irq_remove_handler
 .text.irq_set_priority
                0x00000000100022f8       0x28 CMakeFiles/Goggles.dir/Users/JJ/Desktop/SmartGoggles/pico-sdk/src/rp2_common/hardware_irq/irq.c.obj
                0x00000000100022f8                irq_set_priority
 .text.irq_add_tail_to_free_list
                0x0000000010002320       0xf0 CMakeFiles/Goggles.dir/Users/JJ/Desktop/SmartGoggles/pico-sdk/src/rp2_common/hardware_irq/irq.c.obj
                0x0000000010002320                irq_add_tail_to_free_list
 .text.irq_init_priorities
                0x0000000010002410       0x16 CMakeFiles/Goggles.dir/Users/JJ/Desktop/SmartGoggles/pico-sdk/src/rp2_common/hardware_irq/irq.c.obj
                0x0000000010002410                irq_init_priorities
 .text._out_null
                0x0000000010002426        0x2 CMakeFiles/Goggles.dir/Users/JJ/Desktop/SmartGoggles/pico-sdk/src/rp2_common/pico_printf/printf.c.obj
 .text._out_fct
                0x0000000010002428        0xe CMakeFiles/Goggles.dir/Users/JJ/Desktop/SmartGoggles/pico-sdk/src/rp2_common/pico_printf/printf.c.obj
 .text._atoi    0x0000000010002436       0x24 CMakeFiles/Goggles.dir/Users/JJ/Desktop/SmartGoggles/pico-sdk/src/rp2_common/pico_printf/printf.c.obj
 .text._out_rev
                0x000000001000245a       0xae CMakeFiles/Goggles.dir/Users/JJ/Desktop/SmartGoggles/pico-sdk/src/rp2_common/pico_printf/printf.c.obj
 .text._ntoa_format
                0x0000000010002508      0x110 CMakeFiles/Goggles.dir/Users/JJ/Desktop/SmartGoggles/pico-sdk/src/rp2_common/pico_printf/printf.c.obj
 .text._ntoa_long
                0x0000000010002618       0xbc CMakeFiles/Goggles.dir/Users/JJ/Desktop/SmartGoggles/pico-sdk/src/rp2_common/pico_printf/printf.c.obj
 .text._ntoa_long_long
                0x00000000100026d4       0xe2 CMakeFiles/Goggles.dir/Users/JJ/Desktop/SmartGoggles/pico-sdk/src/rp2_common/pico_printf/printf.c.obj
 *fill*         0x00000000100027b6        0x2 
 .text._etoa    0x00000000100027b8      0x40c CMakeFiles/Goggles.dir/Users/JJ/Desktop/SmartGoggles/pico-sdk/src/rp2_common/pico_printf/printf.c.obj
 .text._ftoa    0x0000000010002bc4      0x354 CMakeFiles/Goggles.dir/Users/JJ/Desktop/SmartGoggles/pico-sdk/src/rp2_common/pico_printf/printf.c.obj
 .text._vsnprintf
                0x0000000010002f18      0x628 CMakeFiles/Goggles.dir/Users/JJ/Desktop/SmartGoggles/pico-sdk/src/rp2_common/pico_printf/printf.c.obj
 .text.vfctprintf
                0x0000000010003540       0x20 CMakeFiles/Goggles.dir/Users/JJ/Desktop/SmartGoggles/pico-sdk/src/rp2_common/pico_printf/printf.c.obj
                0x0000000010003540                vfctprintf
 .text          0x0000000010003560       0x10 CMakeFiles/Goggles.dir/Users/JJ/Desktop/SmartGoggles/pico-sdk/src/rp2_common/pico_bit_ops/bit_ops_aeabi.S.obj
 .text.rom_func_lookup
                0x0000000010003570       0x10 CMakeFiles/Goggles.dir/Users/JJ/Desktop/SmartGoggles/pico-sdk/src/rp2_common/pico_bootrom/bootrom.c.obj
                0x0000000010003570                rom_func_lookup
 .text.rom_data_lookup
                0x0000000010003580       0x10 CMakeFiles/Goggles.dir/Users/JJ/Desktop/SmartGoggles/pico-sdk/src/rp2_common/pico_bootrom/bootrom.c.obj
                0x0000000010003580                rom_data_lookup
 .text.rom_funcs_lookup
                0x0000000010003590       0x36 CMakeFiles/Goggles.dir/Users/JJ/Desktop/SmartGoggles/pico-sdk/src/rp2_common/pico_bootrom/bootrom.c.obj
                0x0000000010003590                rom_funcs_lookup
 *fill*         0x00000000100035c6        0x2 
 .text.__wrap___aeabi_idiv
                0x00000000100035c8       0x58 CMakeFiles/Goggles.dir/Users/JJ/Desktop/SmartGoggles/pico-sdk/src/rp2_common/pico_divider/divider.S.obj
                0x00000000100035c8                __wrap___aeabi_idivmod
                0x00000000100035c8                divmod_s32s32
                0x00000000100035c8                div_s32s32
                0x00000000100035c8                __wrap___aeabi_idiv
                0x00000000100035d0                divmod_s32s32_unsafe
                0x00000000100035fc                divmod_s32s32_savestate
 .text.__wrap___aeabi_uidiv
                0x0000000010003620       0x54 CMakeFiles/Goggles.dir/Users/JJ/Desktop/SmartGoggles/pico-sdk/src/rp2_common/pico_divider/divider.S.obj
                0x0000000010003620                __wrap___aeabi_uidiv
                0x0000000010003620                __wrap___aeabi_uidivmod
                0x0000000010003620                div_u32u32
                0x0000000010003620                divmod_u32u32
                0x0000000010003628                divmod_u32u32_unsafe
                0x0000000010003650                divmod_u32u32_savestate
 .text.__wrap___aeabi_ldiv
                0x0000000010003674      0x430 CMakeFiles/Goggles.dir/Users/JJ/Desktop/SmartGoggles/pico-sdk/src/rp2_common/pico_divider/divider.S.obj
                0x0000000010003674                __wrap___aeabi_ldivmod
                0x0000000010003674                div_s64s64
                0x0000000010003674                divmod_s64s64
                0x00000000100036ac                divmod_u64u64
                0x00000000100036ac                div_u64u64
                0x00000000100036ac                __wrap___aeabi_uldivmod
                0x00000000100036bc                divmod_u64u64_savestate
                0x00000000100036e4                divmod_s64s64_unsafe
                0x000000001000376c                divmod_u64u64_unsafe
 .text.__wrap___aeabi_darithmetic
                0x0000000010003aa4       0x54 CMakeFiles/Goggles.dir/Users/JJ/Desktop/SmartGoggles/pico-sdk/src/rp2_common/pico_double/double_aeabi.S.obj
                0x0000000010003aa4                __wrap___aeabi_drsub
                0x0000000010003aaa                __wrap___aeabi_dsub
                0x0000000010003abc                __wrap___aeabi_dadd
                0x0000000010003ace                __wrap___aeabi_ddiv
                0x0000000010003ae0                __wrap___aeabi_dmul
 .text.__wrap___aeabi_cdcmple
                0x0000000010003af8       0x6c CMakeFiles/Goggles.dir/Users/JJ/Desktop/SmartGoggles/pico-sdk/src/rp2_common/pico_double/double_aeabi.S.obj
                0x0000000010003af8                __wrap___aeabi_cdrcmple
                0x0000000010003b08                __wrap___aeabi_cdcmple
                0x0000000010003b08                __wrap___aeabi_cdcmpeq
 .text.__wrap___aeabi_dcmplt
                0x0000000010003b64        0xc CMakeFiles/Goggles.dir/Users/JJ/Desktop/SmartGoggles/pico-sdk/src/rp2_common/pico_double/double_aeabi.S.obj
                0x0000000010003b64                __wrap___aeabi_dcmplt
 .text.__wrap___aeabi_dcmple
                0x0000000010003b70       0x10 CMakeFiles/Goggles.dir/Users/JJ/Desktop/SmartGoggles/pico-sdk/src/rp2_common/pico_double/double_aeabi.S.obj
                0x0000000010003b70                __wrap___aeabi_dcmple
 .text.__wrap___aeabi_dcmpge
                0x0000000010003b80       0x10 CMakeFiles/Goggles.dir/Users/JJ/Desktop/SmartGoggles/pico-sdk/src/rp2_common/pico_double/double_aeabi.S.obj
                0x0000000010003b80                __wrap___aeabi_dcmpge
 .text.__wrap___aeabi_dcmpgt
                0x0000000010003b90        0xa CMakeFiles/Goggles.dir/Users/JJ/Desktop/SmartGoggles/pico-sdk/src/rp2_common/pico_double/double_aeabi.S.obj
                0x0000000010003b90                __wrap___aeabi_dcmpgt
 .text.__wrap___aeabi_dcmpun
                0x0000000010003b9a       0x1c CMakeFiles/Goggles.dir/Users/JJ/Desktop/SmartGoggles/pico-sdk/src/rp2_common/pico_double/double_aeabi.S.obj
                0x0000000010003b9a                __wrap___aeabi_dcmpun
 *fill*         0x0000000010003bb6        0x2 
 .text.__wrap___aeabi_i2d
                0x0000000010003bb8       0x38 CMakeFiles/Goggles.dir/Users/JJ/Desktop/SmartGoggles/pico-sdk/src/rp2_common/pico_double/double_aeabi.S.obj
                0x0000000010003bb8                __wrap___aeabi_ui2d
                0x0000000010003bc0                __wrap___aeabi_i2d
 .text.__wrap___aeabi_d2iz
                0x0000000010003bf0       0x48 CMakeFiles/Goggles.dir/Users/JJ/Desktop/SmartGoggles/pico-sdk/src/rp2_common/pico_double/double_aeabi.S.obj
                0x0000000010003bf0                __wrap___aeabi_d2iz
                0x0000000010003bf0                double2int_z
 .text.__wrap___aeabi_d2uiz
                0x0000000010003c38       0x18 CMakeFiles/Goggles.dir/Users/JJ/Desktop/SmartGoggles/pico-sdk/src/rp2_common/pico_double/double_aeabi.S.obj
                0x0000000010003c38                double2uint
                0x0000000010003c38                __wrap___aeabi_d2uiz
 .text.__aeabi_double_init
                0x0000000010003c50       0xb4 CMakeFiles/Goggles.dir/Users/JJ/Desktop/SmartGoggles/pico-sdk/src/rp2_common/pico_double/double_init_rom.c.obj
                0x0000000010003c50                __aeabi_double_init
 .text.double_table_shim_on_use_helper
                0x0000000010003d04       0x34 CMakeFiles/Goggles.dir/Users/JJ/Desktop/SmartGoggles/pico-sdk/src/rp2_common/pico_double/double_v1_rom_shim.S.obj
                0x0000000010003d04                double_table_shim_on_use_helper
 .text.__wrap___aeabi_dsub
                0x0000000010003d38       0x10 CMakeFiles/Goggles.dir/Users/JJ/Desktop/SmartGoggles/pico-sdk/src/rp2_common/pico_double/double_v1_rom_shim.S.obj
                0x0000000010003d38                drsub_shim
                0x0000000010003d3e                dsub_shim
 .text.dadd_shim
                0x0000000010003d48      0x15c CMakeFiles/Goggles.dir/Users/JJ/Desktop/SmartGoggles/pico-sdk/src/rp2_common/pico_double/double_v1_rom_shim.S.obj
                0x0000000010003d48                dadd_shim
 .text.dmul_shim
                0x0000000010003ea4      0x15c CMakeFiles/Goggles.dir/Users/JJ/Desktop/SmartGoggles/pico-sdk/src/rp2_common/pico_double/double_v1_rom_shim.S.obj
                0x0000000010003ea4                dmul_shim
 .text.ddiv_shim
                0x0000000010004000      0x1b0 CMakeFiles/Goggles.dir/Users/JJ/Desktop/SmartGoggles/pico-sdk/src/rp2_common/pico_double/double_v1_rom_shim.S.obj
                0x0000000010004000                ddiv_shim
 .text.dcordic_rot_step
                0x00000000100041b0       0x7c CMakeFiles/Goggles.dir/Users/JJ/Desktop/SmartGoggles/pico-sdk/src/rp2_common/pico_double/double_v1_rom_shim.S.obj
                0x00000000100041b0                dcordic_rot_step
 .text.double2uint_shim
                0x000000001000422c        0xe CMakeFiles/Goggles.dir/Users/JJ/Desktop/SmartGoggles/pico-sdk/src/rp2_common/pico_double/double_v1_rom_shim.S.obj
                0x000000001000422c                double2uint_shim
                0x000000001000422e                double2ufix_shim
 *fill*         0x000000001000423a        0x2 
 .text.double2uint64_shim
                0x000000001000423c       0x6c CMakeFiles/Goggles.dir/Users/JJ/Desktop/SmartGoggles/pico-sdk/src/rp2_common/pico_double/double_v1_rom_shim.S.obj
                0x000000001000423c                double2uint64_shim
                0x000000001000423e                double2ufix64_shim
                0x0000000010004258                d2fix_a
 .text.dunpacks
                0x00000000100042a8       0x3c CMakeFiles/Goggles.dir/Users/JJ/Desktop/SmartGoggles/pico-sdk/src/rp2_common/pico_double/double_v1_rom_shim.S.obj
                0x00000000100042a8                dunpacks
 .text.__aeabi_lmul
                0x00000000100042e4       0x32 CMakeFiles/Goggles.dir/Users/JJ/Desktop/SmartGoggles/pico-sdk/src/rp2_common/pico_int64_ops/pico_int64_ops_aeabi.S.obj
                0x00000000100042e4                __wrap___aeabi_lmul
 *fill*         0x0000000010004316        0x2 
 .text.__aeabi_float_init
                0x0000000010004318       0xfc CMakeFiles/Goggles.dir/Users/JJ/Desktop/SmartGoggles/pico-sdk/src/rp2_common/pico_float/float_init_rom.c.obj
                0x0000000010004318                __aeabi_float_init
 .text.float_table_shim_on_use_helper
                0x0000000010004414       0x34 CMakeFiles/Goggles.dir/Users/JJ/Desktop/SmartGoggles/pico-sdk/src/rp2_common/pico_float/float_v1_rom_shim.S.obj
                0x0000000010004414                float_table_shim_on_use_helper
 .text          0x0000000010004448       0x10 CMakeFiles/Goggles.dir/Users/JJ/Desktop/SmartGoggles/pico-sdk/src/rp2_common/pico_mem_ops/mem_ops_aeabi.S.obj
                0x0000000010004448                __aeabi_mem_init
 .text.memset   0x0000000010004458        0xc CMakeFiles/Goggles.dir/Users/JJ/Desktop/SmartGoggles/pico-sdk/src/rp2_common/pico_mem_ops/mem_ops_aeabi.S.obj
                0x0000000010004458                __wrap_memset
 .text.memcpy   0x0000000010004464        0xc CMakeFiles/Goggles.dir/Users/JJ/Desktop/SmartGoggles/pico-sdk/src/rp2_common/pico_mem_ops/mem_ops_aeabi.S.obj
                0x0000000010004464                __wrap___aeabi_memcpy
                0x0000000010004464                __wrap_memcpy
 .text.stdio_out_chars_crlf
                0x0000000010004470       0x80 CMakeFiles/Goggles.dir/Users/JJ/Desktop/SmartGoggles/pico-sdk/src/rp2_common/pico_stdio/stdio.c.obj
 .text.stdio_stack_buffer_flush
                0x00000000100044f0       0x44 CMakeFiles/Goggles.dir/Users/JJ/Desktop/SmartGoggles/pico-sdk/src/rp2_common/pico_stdio/stdio.c.obj
 .text.stdio_buffered_printer
                0x0000000010004534       0x20 CMakeFiles/Goggles.dir/Users/JJ/Desktop/SmartGoggles/pico-sdk/src/rp2_common/pico_stdio/stdio.c.obj
 .text.stdout_serialize_begin
                0x0000000010004554       0x2c CMakeFiles/Goggles.dir/Users/JJ/Desktop/SmartGoggles/pico-sdk/src/rp2_common/pico_stdio/stdio.c.obj
                0x0000000010004554                stdout_serialize_begin
 .text.stdout_serialize_end
                0x0000000010004580       0x10 CMakeFiles/Goggles.dir/Users/JJ/Desktop/SmartGoggles/pico-sdk/src/rp2_common/pico_stdio/stdio.c.obj
                0x0000000010004580                stdout_serialize_end
 .text.stdio_put_string
                0x0000000010004590       0x84 CMakeFiles/Goggles.dir/Users/JJ/Desktop/SmartGoggles/pico-sdk/src/rp2_common/pico_stdio/stdio.c.obj
 .text.stdio_set_driver_enabled
                0x0000000010004614       0x38 CMakeFiles/Goggles.dir/Users/JJ/Desktop/SmartGoggles/pico-sdk/src/rp2_common/pico_stdio/stdio.c.obj
                0x0000000010004614                stdio_set_driver_enabled
 .text.stdio_flush
                0x000000001000464c       0x20 CMakeFiles/Goggles.dir/Users/JJ/Desktop/SmartGoggles/pico-sdk/src/rp2_common/pico_stdio/stdio.c.obj
                0x000000001000464c                stdio_flush
 .text.__wrap_puts
                0x000000001000466c       0x1c CMakeFiles/Goggles.dir/Users/JJ/Desktop/SmartGoggles/pico-sdk/src/rp2_common/pico_stdio/stdio.c.obj
                0x000000001000466c                __wrap_puts
 .text.__wrap_vprintf
                0x0000000010004688       0x44 CMakeFiles/Goggles.dir/Users/JJ/Desktop/SmartGoggles/pico-sdk/src/rp2_common/pico_stdio/stdio.c.obj
                0x0000000010004688                __wrap_vprintf
 .text.__wrap_printf
                0x00000000100046cc       0x18 CMakeFiles/Goggles.dir/Users/JJ/Desktop/SmartGoggles/pico-sdk/src/rp2_common/pico_stdio/stdio.c.obj
                0x00000000100046cc                __wrap_printf
 .text.stdio_init_all
                0x00000000100046e4        0xc CMakeFiles/Goggles.dir/Users/JJ/Desktop/SmartGoggles/pico-sdk/src/rp2_common/pico_stdio/stdio.c.obj
                0x00000000100046e4                stdio_init_all
 .text.stdio_uart_out_chars
                0x00000000100046f0       0x74 CMakeFiles/Goggles.dir/Users/JJ/Desktop/SmartGoggles/pico-sdk/src/rp2_common/pico_stdio_uart/stdio_uart.c.obj
 .text.stdio_uart_in_chars
                0x0000000010004764       0x54 CMakeFiles/Goggles.dir/Users/JJ/Desktop/SmartGoggles/pico-sdk/src/rp2_common/pico_stdio_uart/stdio_uart.c.obj
                0x0000000010004764                stdio_uart_in_chars
 .text.stdio_uart_init_full
                0x00000000100047b8       0x3c CMakeFiles/Goggles.dir/Users/JJ/Desktop/SmartGoggles/pico-sdk/src/rp2_common/pico_stdio_uart/stdio_uart.c.obj
                0x00000000100047b8                stdio_uart_init_full
 .text.stdio_uart_init
                0x00000000100047f4       0x28 CMakeFiles/Goggles.dir/Users/JJ/Desktop/SmartGoggles/pico-sdk/src/rp2_common/pico_stdio_uart/stdio_uart.c.obj
                0x00000000100047f4                stdio_uart_init
 .text.resetd_init
                0x000000001000481c        0x2 CMakeFiles/Goggles.dir/Users/JJ/Desktop/SmartGoggles/pico-sdk/src/rp2_common/pico_stdio_usb/reset_interface.c.obj
 *fill*         0x000000001000481e        0x2 
 .text.resetd_reset
                0x0000000010004820        0xc CMakeFiles/Goggles.dir/Users/JJ/Desktop/SmartGoggles/pico-sdk/src/rp2_common/pico_stdio_usb/reset_interface.c.obj
 .text.resetd_open
                0x000000001000482c       0x34 CMakeFiles/Goggles.dir/Users/JJ/Desktop/SmartGoggles/pico-sdk/src/rp2_common/pico_stdio_usb/reset_interface.c.obj
 .text.resetd_control_complete_cb
                0x0000000010004860        0x4 CMakeFiles/Goggles.dir/Users/JJ/Desktop/SmartGoggles/pico-sdk/src/rp2_common/pico_stdio_usb/reset_interface.c.obj
 .text.resetd_xfer_cb
                0x0000000010004864        0x4 CMakeFiles/Goggles.dir/Users/JJ/Desktop/SmartGoggles/pico-sdk/src/rp2_common/pico_stdio_usb/reset_interface.c.obj
 .text.resetd_control_request_cb
                0x0000000010004868       0x64 CMakeFiles/Goggles.dir/Users/JJ/Desktop/SmartGoggles/pico-sdk/src/rp2_common/pico_stdio_usb/reset_interface.c.obj
 .text.usbd_app_driver_get_cb
                0x00000000100048cc        0xc CMakeFiles/Goggles.dir/Users/JJ/Desktop/SmartGoggles/pico-sdk/src/rp2_common/pico_stdio_usb/reset_interface.c.obj
                0x00000000100048cc                usbd_app_driver_get_cb
 .text.tud_cdc_line_coding_cb
                0x00000000100048d8       0x34 CMakeFiles/Goggles.dir/Users/JJ/Desktop/SmartGoggles/pico-sdk/src/rp2_common/pico_stdio_usb/reset_interface.c.obj
                0x00000000100048d8                tud_cdc_line_coding_cb
 .text.stdio_usb_in_chars
                0x000000001000490c       0x70 CMakeFiles/Goggles.dir/Users/JJ/Desktop/SmartGoggles/pico-sdk/src/rp2_common/pico_stdio_usb/stdio_usb.c.obj
                0x000000001000490c                stdio_usb_in_chars
 .text.low_priority_worker_irq
                0x000000001000497c       0x20 CMakeFiles/Goggles.dir/Users/JJ/Desktop/SmartGoggles/pico-sdk/src/rp2_common/pico_stdio_usb/stdio_usb.c.obj
 .text.stdio_usb_out_chars
                0x000000001000499c       0xd4 CMakeFiles/Goggles.dir/Users/JJ/Desktop/SmartGoggles/pico-sdk/src/rp2_common/pico_stdio_usb/stdio_usb.c.obj
 .text.timer_task
                0x0000000010004a70       0x10 CMakeFiles/Goggles.dir/Users/JJ/Desktop/SmartGoggles/pico-sdk/src/rp2_common/pico_stdio_usb/stdio_usb.c.obj
 .text.stdio_usb_init
                0x0000000010004a80       0xb8 CMakeFiles/Goggles.dir/Users/JJ/Desktop/SmartGoggles/pico-sdk/src/rp2_common/pico_stdio_usb/stdio_usb.c.obj
                0x0000000010004a80                stdio_usb_init
 .text.tud_descriptor_device_cb
                0x0000000010004b38        0x8 CMakeFiles/Goggles.dir/Users/JJ/Desktop/SmartGoggles/pico-sdk/src/rp2_common/pico_stdio_usb/stdio_usb_descriptors.c.obj
                0x0000000010004b38                tud_descriptor_device_cb
 .text.tud_descriptor_configuration_cb
                0x0000000010004b40        0x8 CMakeFiles/Goggles.dir/Users/JJ/Desktop/SmartGoggles/pico-sdk/src/rp2_common/pico_stdio_usb/stdio_usb_descriptors.c.obj
                0x0000000010004b40                tud_descriptor_configuration_cb
 .text.tud_descriptor_string_cb
                0x0000000010004b48       0x50 CMakeFiles/Goggles.dir/Users/JJ/Desktop/SmartGoggles/pico-sdk/src/rp2_common/pico_stdio_usb/stdio_usb_descriptors.c.obj
                0x0000000010004b48                tud_descriptor_string_cb
 .text.hw_endpoint_get_by_addr
                0x0000000010004b98       0x1c CMakeFiles/Goggles.dir/Users/JJ/Desktop/SmartGoggles/pico-sdk/lib/tinyusb/src/portable/raspberrypi/rp2040/dcd_rp2040.c.obj
 .text.reset_ep0
                0x0000000010004bb4       0x2c CMakeFiles/Goggles.dir/Users/JJ/Desktop/SmartGoggles/pico-sdk/lib/tinyusb/src/portable/raspberrypi/rp2040/dcd_rp2040.c.obj
 .text._hw_endpoint_alloc
                0x0000000010004be0       0x7c CMakeFiles/Goggles.dir/Users/JJ/Desktop/SmartGoggles/pico-sdk/lib/tinyusb/src/portable/raspberrypi/rp2040/dcd_rp2040.c.obj
 .text._hw_endpoint_init
                0x0000000010004c5c       0xbc CMakeFiles/Goggles.dir/Users/JJ/Desktop/SmartGoggles/pico-sdk/lib/tinyusb/src/portable/raspberrypi/rp2040/dcd_rp2040.c.obj
 .text.hw_endpoint_init
                0x0000000010004d18       0x18 CMakeFiles/Goggles.dir/Users/JJ/Desktop/SmartGoggles/pico-sdk/lib/tinyusb/src/portable/raspberrypi/rp2040/dcd_rp2040.c.obj
 .text.hw_handle_buff_status
                0x0000000010004d30       0xbc CMakeFiles/Goggles.dir/Users/JJ/Desktop/SmartGoggles/pico-sdk/lib/tinyusb/src/portable/raspberrypi/rp2040/dcd_rp2040.c.obj
 .text.dcd_rp2040_irq
                0x0000000010004dec       0x8c CMakeFiles/Goggles.dir/Users/JJ/Desktop/SmartGoggles/pico-sdk/lib/tinyusb/src/portable/raspberrypi/rp2040/dcd_rp2040.c.obj
 .text.hw_endpoint_xfer
                0x0000000010004e78       0x18 CMakeFiles/Goggles.dir/Users/JJ/Desktop/SmartGoggles/pico-sdk/lib/tinyusb/src/portable/raspberrypi/rp2040/dcd_rp2040.c.obj
 .text.ep0_0len_status
                0x0000000010004e90       0x14 CMakeFiles/Goggles.dir/Users/JJ/Desktop/SmartGoggles/pico-sdk/lib/tinyusb/src/portable/raspberrypi/rp2040/dcd_rp2040.c.obj
 .text._hw_endpoint_stall
                0x0000000010004ea4       0x54 CMakeFiles/Goggles.dir/Users/JJ/Desktop/SmartGoggles/pico-sdk/lib/tinyusb/src/portable/raspberrypi/rp2040/dcd_rp2040.c.obj
 .text.hw_endpoint_stall
                0x0000000010004ef8        0xc CMakeFiles/Goggles.dir/Users/JJ/Desktop/SmartGoggles/pico-sdk/lib/tinyusb/src/portable/raspberrypi/rp2040/dcd_rp2040.c.obj
 .text._hw_endpoint_clear_stall
                0x0000000010004f04       0x34 CMakeFiles/Goggles.dir/Users/JJ/Desktop/SmartGoggles/pico-sdk/lib/tinyusb/src/portable/raspberrypi/rp2040/dcd_rp2040.c.obj
 .text.hw_endpoint_clear_stall
                0x0000000010004f38        0xc CMakeFiles/Goggles.dir/Users/JJ/Desktop/SmartGoggles/pico-sdk/lib/tinyusb/src/portable/raspberrypi/rp2040/dcd_rp2040.c.obj
 .text.dcd_int_enable
                0x0000000010004f44       0x2c CMakeFiles/Goggles.dir/Users/JJ/Desktop/SmartGoggles/pico-sdk/lib/tinyusb/src/portable/raspberrypi/rp2040/dcd_rp2040.c.obj
                0x0000000010004f44                dcd_int_enable
 .text.dcd_set_address
                0x0000000010004f70       0x30 CMakeFiles/Goggles.dir/Users/JJ/Desktop/SmartGoggles/pico-sdk/lib/tinyusb/src/portable/raspberrypi/rp2040/dcd_rp2040.c.obj
                0x0000000010004f70                dcd_set_address
 .text.dcd_connect
                0x0000000010004fa0       0x30 CMakeFiles/Goggles.dir/Users/JJ/Desktop/SmartGoggles/pico-sdk/lib/tinyusb/src/portable/raspberrypi/rp2040/dcd_rp2040.c.obj
                0x0000000010004fa0                dcd_connect
 .text.dcd_init
                0x0000000010004fd0       0x90 CMakeFiles/Goggles.dir/Users/JJ/Desktop/SmartGoggles/pico-sdk/lib/tinyusb/src/portable/raspberrypi/rp2040/dcd_rp2040.c.obj
                0x0000000010004fd0                dcd_init
 .text.dcd_edpt0_status_complete
                0x0000000010005060       0x44 CMakeFiles/Goggles.dir/Users/JJ/Desktop/SmartGoggles/pico-sdk/lib/tinyusb/src/portable/raspberrypi/rp2040/dcd_rp2040.c.obj
                0x0000000010005060                dcd_edpt0_status_complete
 .text.dcd_edpt_open
                0x00000000100050a4       0x40 CMakeFiles/Goggles.dir/Users/JJ/Desktop/SmartGoggles/pico-sdk/lib/tinyusb/src/portable/raspberrypi/rp2040/dcd_rp2040.c.obj
                0x00000000100050a4                dcd_edpt_open
 .text.dcd_edpt_xfer
                0x00000000100050e4       0x34 CMakeFiles/Goggles.dir/Users/JJ/Desktop/SmartGoggles/pico-sdk/lib/tinyusb/src/portable/raspberrypi/rp2040/dcd_rp2040.c.obj
                0x00000000100050e4                dcd_edpt_xfer
 .text.dcd_edpt_stall
                0x0000000010005118       0x28 CMakeFiles/Goggles.dir/Users/JJ/Desktop/SmartGoggles/pico-sdk/lib/tinyusb/src/portable/raspberrypi/rp2040/dcd_rp2040.c.obj
                0x0000000010005118                dcd_edpt_stall
 .text.dcd_edpt_clear_stall
                0x0000000010005140       0x28 CMakeFiles/Goggles.dir/Users/JJ/Desktop/SmartGoggles/pico-sdk/lib/tinyusb/src/portable/raspberrypi/rp2040/dcd_rp2040.c.obj
                0x0000000010005140                dcd_edpt_clear_stall
 .text.rp2040_usb_init
                0x0000000010005168       0x50 CMakeFiles/Goggles.dir/Users/JJ/Desktop/SmartGoggles/pico-sdk/lib/tinyusb/src/portable/raspberrypi/rp2040/rp2040_usb.c.obj
                0x0000000010005168                rp2040_usb_init
 .text.hw_endpoint_reset_transfer
                0x00000000100051b8       0x14 CMakeFiles/Goggles.dir/Users/JJ/Desktop/SmartGoggles/pico-sdk/lib/tinyusb/src/portable/raspberrypi/rp2040/rp2040_usb.c.obj
                0x00000000100051b8                hw_endpoint_reset_transfer
 .text._hw_endpoint_buffer_control_update32
                0x00000000100051cc       0x54 CMakeFiles/Goggles.dir/Users/JJ/Desktop/SmartGoggles/pico-sdk/lib/tinyusb/src/portable/raspberrypi/rp2040/rp2040_usb.c.obj
                0x00000000100051cc                _hw_endpoint_buffer_control_update32
 .text._hw_endpoint_start_next_buffer
                0x0000000010005220       0x5a CMakeFiles/Goggles.dir/Users/JJ/Desktop/SmartGoggles/pico-sdk/lib/tinyusb/src/portable/raspberrypi/rp2040/rp2040_usb.c.obj
                0x0000000010005220                _hw_endpoint_start_next_buffer
 .text._hw_endpoint_xfer_start
                0x000000001000527a       0x46 CMakeFiles/Goggles.dir/Users/JJ/Desktop/SmartGoggles/pico-sdk/lib/tinyusb/src/portable/raspberrypi/rp2040/rp2040_usb.c.obj
                0x000000001000527a                _hw_endpoint_xfer_start
 .text._hw_endpoint_xfer_sync
                0x00000000100052c0       0x74 CMakeFiles/Goggles.dir/Users/JJ/Desktop/SmartGoggles/pico-sdk/lib/tinyusb/src/portable/raspberrypi/rp2040/rp2040_usb.c.obj
                0x00000000100052c0                _hw_endpoint_xfer_sync
 .text._hw_endpoint_xfer_continue
                0x0000000010005334       0x58 CMakeFiles/Goggles.dir/Users/JJ/Desktop/SmartGoggles/pico-sdk/lib/tinyusb/src/portable/raspberrypi/rp2040/rp2040_usb.c.obj
                0x0000000010005334                _hw_endpoint_xfer_continue
 .text._hw_endpoint_xfer
                0x000000001000538c       0x34 CMakeFiles/Goggles.dir/Users/JJ/Desktop/SmartGoggles/pico-sdk/lib/tinyusb/src/portable/raspberrypi/rp2040/rp2040_usb.c.obj
                0x000000001000538c                _hw_endpoint_xfer
 .text.mark_interface_endpoint
                0x00000000100053c0       0x2a CMakeFiles/Goggles.dir/Users/JJ/Desktop/SmartGoggles/pico-sdk/lib/tinyusb/src/device/usbd.c.obj
 *fill*         0x00000000100053ea        0x2 
 .text.usbd_reset
                0x00000000100053ec       0x88 CMakeFiles/Goggles.dir/Users/JJ/Desktop/SmartGoggles/pico-sdk/lib/tinyusb/src/device/usbd.c.obj
 .text.invoke_class_control
                0x0000000010005474       0x18 CMakeFiles/Goggles.dir/Users/JJ/Desktop/SmartGoggles/pico-sdk/lib/tinyusb/src/device/usbd.c.obj
 .text.process_set_config
                0x000000001000548c      0x1cc CMakeFiles/Goggles.dir/Users/JJ/Desktop/SmartGoggles/pico-sdk/lib/tinyusb/src/device/usbd.c.obj
 .text.process_get_descriptor
                0x0000000010005658       0xf4 CMakeFiles/Goggles.dir/Users/JJ/Desktop/SmartGoggles/pico-sdk/lib/tinyusb/src/device/usbd.c.obj
 .text.tud_mounted
                0x000000001000574c       0x10 CMakeFiles/Goggles.dir/Users/JJ/Desktop/SmartGoggles/pico-sdk/lib/tinyusb/src/device/usbd.c.obj
                0x000000001000574c                tud_mounted
 .text.tud_suspended
                0x000000001000575c       0x10 CMakeFiles/Goggles.dir/Users/JJ/Desktop/SmartGoggles/pico-sdk/lib/tinyusb/src/device/usbd.c.obj
                0x000000001000575c                tud_suspended
 .text.tud_init
                0x000000001000576c       0xb8 CMakeFiles/Goggles.dir/Users/JJ/Desktop/SmartGoggles/pico-sdk/lib/tinyusb/src/device/usbd.c.obj
                0x000000001000576c                tud_init
 .text.dcd_event_handler
                0x0000000010005824      0x1c4 CMakeFiles/Goggles.dir/Users/JJ/Desktop/SmartGoggles/pico-sdk/lib/tinyusb/src/device/usbd.c.obj
                0x0000000010005824                dcd_event_handler
 .text.dcd_event_bus_signal
                0x00000000100059e8       0x26 CMakeFiles/Goggles.dir/Users/JJ/Desktop/SmartGoggles/pico-sdk/lib/tinyusb/src/device/usbd.c.obj
                0x00000000100059e8                dcd_event_bus_signal
 .text.dcd_event_setup_received
                0x0000000010005a0e       0x34 CMakeFiles/Goggles.dir/Users/JJ/Desktop/SmartGoggles/pico-sdk/lib/tinyusb/src/device/usbd.c.obj
                0x0000000010005a0e                dcd_event_setup_received
 .text.dcd_event_xfer_complete
                0x0000000010005a42       0x44 CMakeFiles/Goggles.dir/Users/JJ/Desktop/SmartGoggles/pico-sdk/lib/tinyusb/src/device/usbd.c.obj
                0x0000000010005a42                dcd_event_xfer_complete
 .text.usbd_edpt_open
                0x0000000010005a86        0x8 CMakeFiles/Goggles.dir/Users/JJ/Desktop/SmartGoggles/pico-sdk/lib/tinyusb/src/device/usbd.c.obj
                0x0000000010005a86                usbd_edpt_open
 *fill*         0x0000000010005a8e        0x2 
 .text.usbd_open_edpt_pair
                0x0000000010005a90       0x8c CMakeFiles/Goggles.dir/Users/JJ/Desktop/SmartGoggles/pico-sdk/lib/tinyusb/src/device/usbd.c.obj
                0x0000000010005a90                usbd_open_edpt_pair
 .text.usbd_edpt_claim
                0x0000000010005b1c       0x8c CMakeFiles/Goggles.dir/Users/JJ/Desktop/SmartGoggles/pico-sdk/lib/tinyusb/src/device/usbd.c.obj
                0x0000000010005b1c                usbd_edpt_claim
 .text.usbd_edpt_release
                0x0000000010005ba8       0x68 CMakeFiles/Goggles.dir/Users/JJ/Desktop/SmartGoggles/pico-sdk/lib/tinyusb/src/device/usbd.c.obj
                0x0000000010005ba8                usbd_edpt_release
 .text.usbd_edpt_xfer
                0x0000000010005c10       0x80 CMakeFiles/Goggles.dir/Users/JJ/Desktop/SmartGoggles/pico-sdk/lib/tinyusb/src/device/usbd.c.obj
                0x0000000010005c10                usbd_edpt_xfer
 .text.usbd_edpt_stall
                0x0000000010005c90       0x2c CMakeFiles/Goggles.dir/Users/JJ/Desktop/SmartGoggles/pico-sdk/lib/tinyusb/src/device/usbd.c.obj
                0x0000000010005c90                usbd_edpt_stall
 .text.usbd_edpt_clear_stall
                0x0000000010005cbc       0x2c CMakeFiles/Goggles.dir/Users/JJ/Desktop/SmartGoggles/pico-sdk/lib/tinyusb/src/device/usbd.c.obj
                0x0000000010005cbc                usbd_edpt_clear_stall
 .text.usbd_edpt_stalled
                0x0000000010005ce8       0x1c CMakeFiles/Goggles.dir/Users/JJ/Desktop/SmartGoggles/pico-sdk/lib/tinyusb/src/device/usbd.c.obj
                0x0000000010005ce8                usbd_edpt_stalled
 .text.process_control_request
                0x0000000010005d04      0x37c CMakeFiles/Goggles.dir/Users/JJ/Desktop/SmartGoggles/pico-sdk/lib/tinyusb/src/device/usbd.c.obj
 .text.tud_task
                0x0000000010006080      0x204 CMakeFiles/Goggles.dir/Users/JJ/Desktop/SmartGoggles/pico-sdk/lib/tinyusb/src/device/usbd.c.obj
                0x0000000010006080                tud_task
 .text._data_stage_xact
                0x0000000010006284       0x58 CMakeFiles/Goggles.dir/Users/JJ/Desktop/SmartGoggles/pico-sdk/lib/tinyusb/src/device/usbd_control.c.obj
 .text.tud_control_status
                0x00000000100062dc       0x38 CMakeFiles/Goggles.dir/Users/JJ/Desktop/SmartGoggles/pico-sdk/lib/tinyusb/src/device/usbd_control.c.obj
                0x00000000100062dc                tud_control_status
 .text.tud_control_xfer
                0x0000000010006314       0xa8 CMakeFiles/Goggles.dir/Users/JJ/Desktop/SmartGoggles/pico-sdk/lib/tinyusb/src/device/usbd_control.c.obj
                0x0000000010006314                tud_control_xfer
 .text.usbd_control_reset
                0x00000000100063bc       0x14 CMakeFiles/Goggles.dir/Users/JJ/Desktop/SmartGoggles/pico-sdk/lib/tinyusb/src/device/usbd_control.c.obj
                0x00000000100063bc                usbd_control_reset
 .text.usbd_control_set_complete_callback
                0x00000000100063d0        0xc CMakeFiles/Goggles.dir/Users/JJ/Desktop/SmartGoggles/pico-sdk/lib/tinyusb/src/device/usbd_control.c.obj
                0x00000000100063d0                usbd_control_set_complete_callback
 .text.usbd_control_set_request
                0x00000000100063dc       0x1c CMakeFiles/Goggles.dir/Users/JJ/Desktop/SmartGoggles/pico-sdk/lib/tinyusb/src/device/usbd_control.c.obj
                0x00000000100063dc                usbd_control_set_request
 .text.usbd_control_xfer_cb
                0x00000000100063f8       0xe8 CMakeFiles/Goggles.dir/Users/JJ/Desktop/SmartGoggles/pico-sdk/lib/tinyusb/src/device/usbd_control.c.obj
                0x00000000100063f8                usbd_control_xfer_cb
 .text._prep_out_transaction
                0x00000000100064e0       0x46 CMakeFiles/Goggles.dir/Users/JJ/Desktop/SmartGoggles/pico-sdk/lib/tinyusb/src/class/cdc/cdc_device.c.obj
 *fill*         0x0000000010006526        0x2 
 .text.tud_cdc_n_connected
                0x0000000010006528       0x48 CMakeFiles/Goggles.dir/Users/JJ/Desktop/SmartGoggles/pico-sdk/lib/tinyusb/src/class/cdc/cdc_device.c.obj
                0x0000000010006528                tud_cdc_n_connected
 .text.tud_cdc_n_available
                0x0000000010006570       0x20 CMakeFiles/Goggles.dir/Users/JJ/Desktop/SmartGoggles/pico-sdk/lib/tinyusb/src/class/cdc/cdc_device.c.obj
                0x0000000010006570                tud_cdc_n_available
 .text.tud_cdc_n_read
                0x0000000010006590       0x30 CMakeFiles/Goggles.dir/Users/JJ/Desktop/SmartGoggles/pico-sdk/lib/tinyusb/src/class/cdc/cdc_device.c.obj
                0x0000000010006590                tud_cdc_n_read
 .text.tud_cdc_n_write_flush
                0x00000000100065c0       0xc4 CMakeFiles/Goggles.dir/Users/JJ/Desktop/SmartGoggles/pico-sdk/lib/tinyusb/src/class/cdc/cdc_device.c.obj
                0x00000000100065c0                tud_cdc_n_write_flush
 .text.tud_cdc_n_write
                0x0000000010006684       0x38 CMakeFiles/Goggles.dir/Users/JJ/Desktop/SmartGoggles/pico-sdk/lib/tinyusb/src/class/cdc/cdc_device.c.obj
                0x0000000010006684                tud_cdc_n_write
 .text.tud_cdc_n_write_available
                0x00000000100066bc       0x20 CMakeFiles/Goggles.dir/Users/JJ/Desktop/SmartGoggles/pico-sdk/lib/tinyusb/src/class/cdc/cdc_device.c.obj
                0x00000000100066bc                tud_cdc_n_write_available
 .text.cdcd_init
                0x00000000100066dc       0xe0 CMakeFiles/Goggles.dir/Users/JJ/Desktop/SmartGoggles/pico-sdk/lib/tinyusb/src/class/cdc/cdc_device.c.obj
                0x00000000100066dc                cdcd_init
 .text.cdcd_reset
                0x00000000100067bc       0x44 CMakeFiles/Goggles.dir/Users/JJ/Desktop/SmartGoggles/pico-sdk/lib/tinyusb/src/class/cdc/cdc_device.c.obj
                0x00000000100067bc                cdcd_reset
 .text.cdcd_open
                0x0000000010006800      0x118 CMakeFiles/Goggles.dir/Users/JJ/Desktop/SmartGoggles/pico-sdk/lib/tinyusb/src/class/cdc/cdc_device.c.obj
                0x0000000010006800                cdcd_open
 .text.cdcd_control_complete
                0x0000000010006918       0x60 CMakeFiles/Goggles.dir/Users/JJ/Desktop/SmartGoggles/pico-sdk/lib/tinyusb/src/class/cdc/cdc_device.c.obj
                0x0000000010006918                cdcd_control_complete
 .text.cdcd_control_request
                0x0000000010006978       0x9c CMakeFiles/Goggles.dir/Users/JJ/Desktop/SmartGoggles/pico-sdk/lib/tinyusb/src/class/cdc/cdc_device.c.obj
                0x0000000010006978                cdcd_control_request
 .text.cdcd_xfer_cb
                0x0000000010006a14      0x130 CMakeFiles/Goggles.dir/Users/JJ/Desktop/SmartGoggles/pico-sdk/lib/tinyusb/src/class/cdc/cdc_device.c.obj
                0x0000000010006a14                cdcd_xfer_cb
 .text.tusb_init
                0x0000000010006b44       0x38 CMakeFiles/Goggles.dir/Users/JJ/Desktop/SmartGoggles/pico-sdk/lib/tinyusb/src/tusb.c.obj
                0x0000000010006b44                tusb_init
 .text.tusb_inited
                0x0000000010006b7c        0xc CMakeFiles/Goggles.dir/Users/JJ/Desktop/SmartGoggles/pico-sdk/lib/tinyusb/src/tusb.c.obj
                0x0000000010006b7c                tusb_inited
 .text.advance_pointer
                0x0000000010006b88       0x1e CMakeFiles/Goggles.dir/Users/JJ/Desktop/SmartGoggles/pico-sdk/lib/tinyusb/src/common/tusb_fifo.c.obj
 .text.backward_pointer
                0x0000000010006ba6       0x1a CMakeFiles/Goggles.dir/Users/JJ/Desktop/SmartGoggles/pico-sdk/lib/tinyusb/src/common/tusb_fifo.c.obj
 .text.get_relative_pointer
                0x0000000010006bc0       0x16 CMakeFiles/Goggles.dir/Users/JJ/Desktop/SmartGoggles/pico-sdk/lib/tinyusb/src/common/tusb_fifo.c.obj
 .text.tu_fifo_lock
                0x0000000010006bd6       0x12 CMakeFiles/Goggles.dir/Users/JJ/Desktop/SmartGoggles/pico-sdk/lib/tinyusb/src/common/tusb_fifo.c.obj
 .text.tu_fifo_unlock
                0x0000000010006be8        0xe CMakeFiles/Goggles.dir/Users/JJ/Desktop/SmartGoggles/pico-sdk/lib/tinyusb/src/common/tusb_fifo.c.obj
 .text._tu_fifo_peek_at
                0x0000000010006bf6       0x66 CMakeFiles/Goggles.dir/Users/JJ/Desktop/SmartGoggles/pico-sdk/lib/tinyusb/src/common/tusb_fifo.c.obj
 .text._ff_pull_n
                0x0000000010006c5c       0x4a CMakeFiles/Goggles.dir/Users/JJ/Desktop/SmartGoggles/pico-sdk/lib/tinyusb/src/common/tusb_fifo.c.obj
 .text._tu_fifo_peek_at_n
                0x0000000010006ca6       0x72 CMakeFiles/Goggles.dir/Users/JJ/Desktop/SmartGoggles/pico-sdk/lib/tinyusb/src/common/tusb_fifo.c.obj
 .text._ff_push_n
                0x0000000010006d18       0x4a CMakeFiles/Goggles.dir/Users/JJ/Desktop/SmartGoggles/pico-sdk/lib/tinyusb/src/common/tusb_fifo.c.obj
 .text.tu_fifo_config
                0x0000000010006d62       0x48 CMakeFiles/Goggles.dir/Users/JJ/Desktop/SmartGoggles/pico-sdk/lib/tinyusb/src/common/tusb_fifo.c.obj
                0x0000000010006d62                tu_fifo_config
 .text.tu_fifo_count
                0x0000000010006daa       0x1c CMakeFiles/Goggles.dir/Users/JJ/Desktop/SmartGoggles/pico-sdk/lib/tinyusb/src/common/tusb_fifo.c.obj
                0x0000000010006daa                tu_fifo_count
 .text.tu_fifo_remaining
                0x0000000010006dc6       0x20 CMakeFiles/Goggles.dir/Users/JJ/Desktop/SmartGoggles/pico-sdk/lib/tinyusb/src/common/tusb_fifo.c.obj
                0x0000000010006dc6                tu_fifo_remaining
 .text.tu_fifo_read
                0x0000000010006de6       0x3a CMakeFiles/Goggles.dir/Users/JJ/Desktop/SmartGoggles/pico-sdk/lib/tinyusb/src/common/tusb_fifo.c.obj
                0x0000000010006de6                tu_fifo_read
 .text.tu_fifo_read_n
                0x0000000010006e20       0x3e CMakeFiles/Goggles.dir/Users/JJ/Desktop/SmartGoggles/pico-sdk/lib/tinyusb/src/common/tusb_fifo.c.obj
                0x0000000010006e20                tu_fifo_read_n
 .text.tu_fifo_write
                0x0000000010006e5e       0x5c CMakeFiles/Goggles.dir/Users/JJ/Desktop/SmartGoggles/pico-sdk/lib/tinyusb/src/common/tusb_fifo.c.obj
                0x0000000010006e5e                tu_fifo_write
 .text.tu_fifo_write_n
                0x0000000010006eba       0x7c CMakeFiles/Goggles.dir/Users/JJ/Desktop/SmartGoggles/pico-sdk/lib/tinyusb/src/common/tusb_fifo.c.obj
                0x0000000010006eba                tu_fifo_write_n
 .text.tu_fifo_clear
                0x0000000010006f36       0x18 CMakeFiles/Goggles.dir/Users/JJ/Desktop/SmartGoggles/pico-sdk/lib/tinyusb/src/common/tusb_fifo.c.obj
                0x0000000010006f36                tu_fifo_clear
 .text.i2c_write_blocking_internal
                0x0000000010006f4e       0xf6 CMakeFiles/Goggles.dir/Users/JJ/Desktop/SmartGoggles/pico-sdk/src/rp2_common/hardware_i2c/i2c.c.obj
 .text.i2c_read_blocking_internal
                0x0000000010007044       0xe0 CMakeFiles/Goggles.dir/Users/JJ/Desktop/SmartGoggles/pico-sdk/src/rp2_common/hardware_i2c/i2c.c.obj
 .text.i2c_set_baudrate
                0x0000000010007124       0x68 CMakeFiles/Goggles.dir/Users/JJ/Desktop/SmartGoggles/pico-sdk/src/rp2_common/hardware_i2c/i2c.c.obj
                0x0000000010007124                i2c_set_baudrate
 .text.i2c_init
                0x000000001000718c       0x54 CMakeFiles/Goggles.dir/Users/JJ/Desktop/SmartGoggles/pico-sdk/src/rp2_common/hardware_i2c/i2c.c.obj
                0x000000001000718c                i2c_init
 .text.i2c_write_blocking
                0x00000000100071e0       0x18 CMakeFiles/Goggles.dir/Users/JJ/Desktop/SmartGoggles/pico-sdk/src/rp2_common/hardware_i2c/i2c.c.obj
                0x00000000100071e0                i2c_write_blocking
 .text.i2c_read_blocking
                0x00000000100071f8       0x18 CMakeFiles/Goggles.dir/Users/JJ/Desktop/SmartGoggles/pico-sdk/src/rp2_common/hardware_i2c/i2c.c.obj
                0x00000000100071f8                i2c_read_blocking
 .text.spi_set_baudrate
                0x0000000010007210       0x94 CMakeFiles/Goggles.dir/Users/JJ/Desktop/SmartGoggles/pico-sdk/src/rp2_common/hardware_spi/spi.c.obj
                0x0000000010007210                spi_set_baudrate
 .text.spi_init
                0x00000000100072a4       0x6c CMakeFiles/Goggles.dir/Users/JJ/Desktop/SmartGoggles/pico-sdk/src/rp2_common/hardware_spi/spi.c.obj
                0x00000000100072a4                spi_init
 .text.strlen   0x0000000010007310       0x5c /usr/local/Cellar/arm-none-eabi-gcc/9-2019-q4-major/gcc/bin/../lib/gcc/arm-none-eabi/9.2.1/../../../../arm-none-eabi/lib/thumb/v6-m/nofp/libg.a(lib_a-strlen-stub.o)
                0x0000000010007310                strlen
 *(.fini)
 .fini          0x000000001000736c        0x4 /usr/local/Cellar/arm-none-eabi-gcc/9-2019-q4-major/gcc/bin/../lib/gcc/arm-none-eabi/9.2.1/thumb/v6-m/nofp/crti.o
                0x000000001000736c                _fini
 .fini.__stub   0x0000000010007370       0x70 linker stubs
 *crtbegin.o(.ctors)
 *crtbegin?.o(.ctors)
 *(EXCLUDE_FILE(*crtend.o *crtend?.o) .ctors)
 *(SORT_BY_NAME(.ctors.*))
 *(.ctors)
 *crtbegin.o(.dtors)
 *crtbegin?.o(.dtors)
 *(EXCLUDE_FILE(*crtend.o *crtend?.o) .dtors)
 *(SORT_BY_NAME(.dtors.*))
 *(.dtors)
 *(.eh_frame*)
 .eh_frame      0x00000000100073e0        0x0 /usr/local/Cellar/arm-none-eabi-gcc/9-2019-q4-major/gcc/bin/../lib/gcc/arm-none-eabi/9.2.1/thumb/v6-m/nofp/crtbegin.o
                0x00000000100073e0                . = ALIGN (0x4)

.glue_7         0x00000000100073e0        0x0
 .glue_7        0x00000000100073e0        0x0 linker stubs

.glue_7t        0x00000000100073e0        0x0
 .glue_7t       0x00000000100073e0        0x0 linker stubs

.vfp11_veneer   0x00000000100073e0        0x0
 .vfp11_veneer  0x00000000100073e0        0x0 linker stubs

.v4_bx          0x00000000100073e0        0x0
 .v4_bx         0x00000000100073e0        0x0 linker stubs

.iplt           0x00000000100073e0        0x0
 .iplt          0x00000000100073e0        0x0 /usr/local/Cellar/arm-none-eabi-gcc/9-2019-q4-major/gcc/bin/../lib/gcc/arm-none-eabi/9.2.1/thumb/v6-m/nofp/crtbegin.o

.rodata         0x00000000100073e0     0x15f4
 *(EXCLUDE_FILE(*libm.a: *libc.a:*lib_a-mem*.o *libgcc.a:) .rodata*)
 .rodata.str1.4
                0x00000000100073e0       0x10 CMakeFiles/Goggles.dir/src/display.c.obj
 .rodata.__bi_14.5174
                0x00000000100073f0        0x8 CMakeFiles/Goggles.dir/src/display.c.obj
 .rodata.__bi_22.5177
                0x00000000100073f8        0xc CMakeFiles/Goggles.dir/src/display.c.obj
 .rodata.__bi_28.5180
                0x0000000010007404        0xc CMakeFiles/Goggles.dir/src/display.c.obj
 .rodata.initcmd
                0x0000000010007410       0x49 CMakeFiles/Goggles.dir/src/display.c.obj
 *fill*         0x0000000010007459        0x3 
 .rodata.touch_read_data.str1.4
                0x000000001000745c       0x22 CMakeFiles/Goggles.dir/src/touch.c.obj
 *fill*         0x000000001000747e        0x2 
 .rodata.__bi_17.6099
                0x0000000010007480        0x8 CMakeFiles/Goggles.dir/src/touch.c.obj
 .rodata.spin_lock_claim_unused.str1.4
                0x0000000010007488       0x1b CMakeFiles/Goggles.dir/Users/JJ/Desktop/SmartGoggles/pico-sdk/src/rp2_common/hardware_sync/sync.c.obj
 *fill*         0x00000000100074a3        0x1 
 .rodata.repeating_timer_callback.str1.4
                0x00000000100074a4       0x58 CMakeFiles/Goggles.dir/Users/JJ/Desktop/SmartGoggles/pico-sdk/src/common/pico_time/time.c.obj
 .rodata.alarm_pool_dump_key.str1.4
                0x00000000100074fc       0x33 CMakeFiles/Goggles.dir/Users/JJ/Desktop/SmartGoggles/pico-sdk/src/common/pico_time/time.c.obj
 *fill*         0x000000001000752f        0x1 
 .rodata.ph_add_child_node.str1.4
                0x0000000010007530       0xa2 CMakeFiles/Goggles.dir/Users/JJ/Desktop/SmartGoggles/pico-sdk/src/common/pico_time/time.c.obj
 *fill*         0x00000000100075d2        0x2 
 .rodata.add_alarm_under_lock.str1.4
                0x00000000100075d4       0x28 CMakeFiles/Goggles.dir/Users/JJ/Desktop/SmartGoggles/pico-sdk/src/common/pico_time/time.c.obj
                                         0x2b (size before relaxing)
 .rodata.alarm_pool_alarm_callback.str1.4
                0x00000000100075fc       0xf2 CMakeFiles/Goggles.dir/Users/JJ/Desktop/SmartGoggles/pico-sdk/src/common/pico_time/time.c.obj
 *fill*         0x00000000100076ee        0x2 
 .rodata.alarm_pool_get_default.str1.4
                0x00000000100076f0       0x21 CMakeFiles/Goggles.dir/Users/JJ/Desktop/SmartGoggles/pico-sdk/src/common/pico_time/time.c.obj
 *fill*         0x0000000010007711        0x3 
 .rodata.alarm_pool_cancel_alarm.str1.4
                0x0000000010007714       0x27 CMakeFiles/Goggles.dir/Users/JJ/Desktop/SmartGoggles/pico-sdk/src/common/pico_time/time.c.obj
 *fill*         0x000000001000773b        0x1 
 .rodata.sleep_until.str1.4
                0x000000001000773c       0x4d CMakeFiles/Goggles.dir/Users/JJ/Desktop/SmartGoggles/pico-sdk/src/common/pico_time/time.c.obj
 *fill*         0x0000000010007789        0x3 
 .rodata.__func__.5644
                0x000000001000778c       0x15 CMakeFiles/Goggles.dir/Users/JJ/Desktop/SmartGoggles/pico-sdk/src/common/pico_time/time.c.obj
 *fill*         0x00000000100077a1        0x3 
 .rodata.__func__.5941
                0x00000000100077a4        0xc CMakeFiles/Goggles.dir/Users/JJ/Desktop/SmartGoggles/pico-sdk/src/common/pico_time/time.c.obj
 .rodata.__func__.5948
                0x00000000100077b0       0x12 CMakeFiles/Goggles.dir/Users/JJ/Desktop/SmartGoggles/pico-sdk/src/common/pico_time/time.c.obj
 *fill*         0x00000000100077c2        0x2 
 .rodata.__func__.5964
                0x00000000100077c4        0xf CMakeFiles/Goggles.dir/Users/JJ/Desktop/SmartGoggles/pico-sdk/src/common/pico_time/time.c.obj
 *fill*         0x00000000100077d3        0x1 
 .rodata.__func__.5986
                0x00000000100077d4        0xd CMakeFiles/Goggles.dir/Users/JJ/Desktop/SmartGoggles/pico-sdk/src/common/pico_time/time.c.obj
 *fill*         0x00000000100077e1        0x3 
 .rodata.__func__.6105
                0x00000000100077e4        0xa CMakeFiles/Goggles.dir/Users/JJ/Desktop/SmartGoggles/pico-sdk/src/common/pico_time/time.c.obj
 *fill*         0x00000000100077ee        0x2 
 .rodata.__func__.6110
                0x00000000100077f0       0x12 CMakeFiles/Goggles.dir/Users/JJ/Desktop/SmartGoggles/pico-sdk/src/common/pico_time/time.c.obj
 *fill*         0x0000000010007802        0x2 
 .rodata.__func__.6125
                0x0000000010007804       0x17 CMakeFiles/Goggles.dir/Users/JJ/Desktop/SmartGoggles/pico-sdk/src/common/pico_time/time.c.obj
 *fill*         0x000000001000781b        0x1 
 .rodata.__func__.6136
                0x000000001000781c       0x15 CMakeFiles/Goggles.dir/Users/JJ/Desktop/SmartGoggles/pico-sdk/src/common/pico_time/time.c.obj
 *fill*         0x0000000010007831        0x3 
 .rodata.__func__.6153
                0x0000000010007834       0x1a CMakeFiles/Goggles.dir/Users/JJ/Desktop/SmartGoggles/pico-sdk/src/common/pico_time/time.c.obj
 *fill*         0x000000001000784e        0x2 
 .rodata.__func__.6192
                0x0000000010007850       0x18 CMakeFiles/Goggles.dir/Users/JJ/Desktop/SmartGoggles/pico-sdk/src/common/pico_time/time.c.obj
 .rodata.hardware_alarm_claim.str1.4
                0x0000000010007868       0x22 CMakeFiles/Goggles.dir/Users/JJ/Desktop/SmartGoggles/pico-sdk/src/rp2_common/hardware_timer/timer.c.obj
 *fill*         0x000000001000788a        0x2 
 .rodata.hardware_alarm_set_target.str1.4
                0x000000001000788c       0x72 CMakeFiles/Goggles.dir/Users/JJ/Desktop/SmartGoggles/pico-sdk/src/rp2_common/hardware_timer/timer.c.obj
 *fill*         0x00000000100078fe        0x2 
 .rodata.__func__.4537
                0x0000000010007900       0x1a CMakeFiles/Goggles.dir/Users/JJ/Desktop/SmartGoggles/pico-sdk/src/rp2_common/hardware_timer/timer.c.obj
 *fill*         0x000000001000791a        0x2 
 .rodata.str1.4
                0x000000001000791c       0x6c CMakeFiles/Goggles.dir/Users/JJ/Desktop/SmartGoggles/pico-sdk/src/common/pico_sync/mutex.c.obj
                                         0xdc (size before relaxing)
 .rodata.__func__.4215
                0x0000000010007988       0x15 CMakeFiles/Goggles.dir/Users/JJ/Desktop/SmartGoggles/pico-sdk/src/common/pico_sync/mutex.c.obj
 *fill*         0x000000001000799d        0x3 
 .rodata.__func__.4592
                0x00000000100079a0       0x15 CMakeFiles/Goggles.dir/Users/JJ/Desktop/SmartGoggles/pico-sdk/src/common/pico_sync/mutex.c.obj
 *fill*         0x00000000100079b5        0x3 
 .rodata.__func__.4611
                0x00000000100079b8       0x18 CMakeFiles/Goggles.dir/Users/JJ/Desktop/SmartGoggles/pico-sdk/src/common/pico_sync/mutex.c.obj
 .rodata.__func__.4620
                0x00000000100079d0        0xb CMakeFiles/Goggles.dir/Users/JJ/Desktop/SmartGoggles/pico-sdk/src/common/pico_sync/mutex.c.obj
 .rodata.ph_add_child_node.str1.4
                0x00000000100079db       0xa2 CMakeFiles/Goggles.dir/Users/JJ/Desktop/SmartGoggles/pico-sdk/src/common/pico_util/pheap.c.obj
 *fill*         0x00000000100079db        0x1 
 .rodata.ph_remove_any_head.str1.4
                0x00000000100079dc       0x9c CMakeFiles/Goggles.dir/Users/JJ/Desktop/SmartGoggles/pico-sdk/src/common/pico_util/pheap.c.obj
 .rodata.ph_remove_and_free_node.str1.4
                0x0000000010007a78       0x26 CMakeFiles/Goggles.dir/Users/JJ/Desktop/SmartGoggles/pico-sdk/src/common/pico_util/pheap.c.obj
 *fill*         0x0000000010007a9e        0x2 
 .rodata.__func__.5717
                0x0000000010007aa0        0xc CMakeFiles/Goggles.dir/Users/JJ/Desktop/SmartGoggles/pico-sdk/src/common/pico_util/pheap.c.obj
 .rodata.__func__.5724
                0x0000000010007aac       0x12 CMakeFiles/Goggles.dir/Users/JJ/Desktop/SmartGoggles/pico-sdk/src/common/pico_util/pheap.c.obj
 *fill*         0x0000000010007abe        0x2 
 .rodata.__func__.5810
                0x0000000010007ac0       0x13 CMakeFiles/Goggles.dir/Users/JJ/Desktop/SmartGoggles/pico-sdk/src/common/pico_util/pheap.c.obj
 *fill*         0x0000000010007ad3        0x1 
 .rodata.__func__.5828
                0x0000000010007ad4       0x18 CMakeFiles/Goggles.dir/Users/JJ/Desktop/SmartGoggles/pico-sdk/src/common/pico_util/pheap.c.obj
 .rodata.__assert_func.str1.4
                0x0000000010007aec       0x3f CMakeFiles/Goggles.dir/Users/JJ/Desktop/SmartGoggles/pico-sdk/src/rp2_common/pico_runtime/runtime.c.obj
                                         0x43 (size before relaxing)
 *fill*         0x0000000010007b2b        0x1 
 .rodata.panic.str1.4
                0x0000000010007b2c       0x10 CMakeFiles/Goggles.dir/Users/JJ/Desktop/SmartGoggles/pico-sdk/src/rp2_common/pico_runtime/runtime.c.obj
                                         0x12 (size before relaxing)
 .rodata.clock_configure.str1.4
                0x0000000010007b3c       0x64 CMakeFiles/Goggles.dir/Users/JJ/Desktop/SmartGoggles/pico-sdk/src/rp2_common/hardware_clocks/clocks.c.obj
 .rodata.__func__.4657
                0x0000000010007ba0       0x10 CMakeFiles/Goggles.dir/Users/JJ/Desktop/SmartGoggles/pico-sdk/src/rp2_common/hardware_clocks/clocks.c.obj
 .rodata.pll_init.str1.4
                0x0000000010007bb0       0xe7 CMakeFiles/Goggles.dir/Users/JJ/Desktop/SmartGoggles/pico-sdk/src/rp2_common/hardware_pll/pll.c.obj
 *fill*         0x0000000010007c97        0x1 
 .rodata.__func__.4387
                0x0000000010007c98        0x9 CMakeFiles/Goggles.dir/Users/JJ/Desktop/SmartGoggles/pico-sdk/src/rp2_common/hardware_pll/pll.c.obj
 *fill*         0x0000000010007ca1        0x3 
 .rodata.make_branch.str1.4
                0x0000000010007ca4       0x5a CMakeFiles/Goggles.dir/Users/JJ/Desktop/SmartGoggles/pico-sdk/src/rp2_common/hardware_irq/irq.c.obj
 *fill*         0x0000000010007cfe        0x2 
 .rodata.irq_set_exclusive_handler.str1.4
                0x0000000010007d00       0x36 CMakeFiles/Goggles.dir/Users/JJ/Desktop/SmartGoggles/pico-sdk/src/rp2_common/hardware_irq/irq.c.obj
 *fill*         0x0000000010007d36        0x2 
 .rodata.irq_add_shared_handler.str1.4
                0x0000000010007d38       0xd9 CMakeFiles/Goggles.dir/Users/JJ/Desktop/SmartGoggles/pico-sdk/src/rp2_common/hardware_irq/irq.c.obj
 *fill*         0x0000000010007e11        0x3 
 .rodata.irq_remove_handler.str1.4
                0x0000000010007e14       0x2a CMakeFiles/Goggles.dir/Users/JJ/Desktop/SmartGoggles/pico-sdk/src/rp2_common/hardware_irq/irq.c.obj
 *fill*         0x0000000010007e3e        0x2 
 .rodata.irq_add_tail_to_free_list.str1.4
                0x0000000010007e40       0x32 CMakeFiles/Goggles.dir/Users/JJ/Desktop/SmartGoggles/pico-sdk/src/rp2_common/hardware_irq/irq.c.obj
                                         0x3a (size before relaxing)
 *fill*         0x0000000010007e72        0x2 
 .rodata.__func__.4496
                0x0000000010007e74       0x1a CMakeFiles/Goggles.dir/Users/JJ/Desktop/SmartGoggles/pico-sdk/src/rp2_common/hardware_irq/irq.c.obj
 *fill*         0x0000000010007e8e        0x2 
 .rodata.__func__.4510
                0x0000000010007e90        0xc CMakeFiles/Goggles.dir/Users/JJ/Desktop/SmartGoggles/pico-sdk/src/rp2_common/hardware_irq/irq.c.obj
 .rodata.__func__.4518
                0x0000000010007e9c       0x17 CMakeFiles/Goggles.dir/Users/JJ/Desktop/SmartGoggles/pico-sdk/src/rp2_common/hardware_irq/irq.c.obj
 *fill*         0x0000000010007eb3        0x1 
 .rodata.__func__.4522
                0x0000000010007eb4        0xf CMakeFiles/Goggles.dir/Users/JJ/Desktop/SmartGoggles/pico-sdk/src/rp2_common/hardware_irq/irq.c.obj
 *fill*         0x0000000010007ec3        0x1 
 .rodata.__func__.4561
                0x0000000010007ec4       0x13 CMakeFiles/Goggles.dir/Users/JJ/Desktop/SmartGoggles/pico-sdk/src/rp2_common/hardware_irq/irq.c.obj
 *fill*         0x0000000010007ed7        0x1 
 .rodata.__func__.4580
                0x0000000010007ed8       0x1a CMakeFiles/Goggles.dir/Users/JJ/Desktop/SmartGoggles/pico-sdk/src/rp2_common/hardware_irq/irq.c.obj
 *fill*         0x0000000010007ef2        0x2 
 .rodata._ftoa.str1.4
                0x0000000010007ef4       0x15 CMakeFiles/Goggles.dir/Users/JJ/Desktop/SmartGoggles/pico-sdk/src/rp2_common/pico_printf/printf.c.obj
 *fill*         0x0000000010007f09        0x3 
 .rodata._vsnprintf
                0x0000000010007f0c      0x1e0 CMakeFiles/Goggles.dir/Users/JJ/Desktop/SmartGoggles/pico-sdk/src/rp2_common/pico_printf/printf.c.obj
 *fill*         0x00000000100080ec        0x4 
 .rodata.pow10.5431
                0x00000000100080f0       0x50 CMakeFiles/Goggles.dir/Users/JJ/Desktop/SmartGoggles/pico-sdk/src/rp2_common/pico_printf/printf.c.obj
 .rodata.__aeabi_double_init.str1.4
                0x0000000010008140       0xb5 CMakeFiles/Goggles.dir/Users/JJ/Desktop/SmartGoggles/pico-sdk/src/rp2_common/pico_double/double_init_rom.c.obj
 *fill*         0x00000000100081f5        0x3 
 .rodata.__func__.4690
                0x00000000100081f8       0x14 CMakeFiles/Goggles.dir/Users/JJ/Desktop/SmartGoggles/pico-sdk/src/rp2_common/pico_double/double_init_rom.c.obj
 .rodata.__aeabi_float_init.str1.4
                0x000000001000820c       0x87 CMakeFiles/Goggles.dir/Users/JJ/Desktop/SmartGoggles/pico-sdk/src/rp2_common/pico_float/float_init_rom.c.obj
                                         0x8b (size before relaxing)
 *fill*         0x0000000010008293        0x1 
 .rodata.__func__.4692
                0x0000000010008294       0x13 CMakeFiles/Goggles.dir/Users/JJ/Desktop/SmartGoggles/pico-sdk/src/rp2_common/pico_float/float_init_rom.c.obj
 *fill*         0x00000000100082a7        0x1 
 .rodata.str1.4
                0x00000000100082a8       0x3c CMakeFiles/Goggles.dir/Users/JJ/Desktop/SmartGoggles/pico-sdk/src/rp2_common/pico_standard_link/binary_info.c.obj
 .rodata.__bi_44
                0x00000000100082e4        0xc CMakeFiles/Goggles.dir/Users/JJ/Desktop/SmartGoggles/pico-sdk/src/rp2_common/pico_standard_link/binary_info.c.obj
 .rodata.__bi_75
                0x00000000100082f0        0xc CMakeFiles/Goggles.dir/Users/JJ/Desktop/SmartGoggles/pico-sdk/src/rp2_common/pico_standard_link/binary_info.c.obj
 .rodata.__bi_81
                0x00000000100082fc        0xc CMakeFiles/Goggles.dir/Users/JJ/Desktop/SmartGoggles/pico-sdk/src/rp2_common/pico_standard_link/binary_info.c.obj
 .rodata.crlf_str.6005
                0x0000000010008308        0x2 CMakeFiles/Goggles.dir/Users/JJ/Desktop/SmartGoggles/pico-sdk/src/rp2_common/pico_stdio/stdio.c.obj
 *fill*         0x000000001000830a        0x2 
 .rodata.str1.4
                0x000000001000830c       0x2c CMakeFiles/Goggles.dir/Users/JJ/Desktop/SmartGoggles/pico-sdk/src/rp2_common/pico_stdio_uart/stdio_uart.c.obj
 .rodata.__bi_28.4708
                0x0000000010008338        0xc CMakeFiles/Goggles.dir/Users/JJ/Desktop/SmartGoggles/pico-sdk/src/rp2_common/pico_stdio_uart/stdio_uart.c.obj
 .rodata.__bi_29.4712
                0x0000000010008344        0x8 CMakeFiles/Goggles.dir/Users/JJ/Desktop/SmartGoggles/pico-sdk/src/rp2_common/pico_stdio_uart/stdio_uart.c.obj
 .rodata._resetd_driver
                0x000000001000834c       0x1c CMakeFiles/Goggles.dir/Users/JJ/Desktop/SmartGoggles/pico-sdk/src/rp2_common/pico_stdio_usb/reset_interface.c.obj
 .rodata.stdio_usb_init.str1.4
                0x0000000010008368       0x6e CMakeFiles/Goggles.dir/Users/JJ/Desktop/SmartGoggles/pico-sdk/src/rp2_common/pico_stdio_usb/stdio_usb.c.obj
 .rodata.str1.4
                0x0000000010008368       0x13 CMakeFiles/Goggles.dir/Users/JJ/Desktop/SmartGoggles/pico-sdk/src/rp2_common/pico_stdio_usb/stdio_usb.c.obj
 *fill*         0x000000001000837b        0x1 
 .rodata.__bi_93.7058
                0x000000001000837c        0xc CMakeFiles/Goggles.dir/Users/JJ/Desktop/SmartGoggles/pico-sdk/src/rp2_common/pico_stdio_usb/stdio_usb.c.obj
 .rodata.__func__.5433
                0x0000000010008388       0x15 CMakeFiles/Goggles.dir/Users/JJ/Desktop/SmartGoggles/pico-sdk/src/rp2_common/pico_stdio_usb/stdio_usb.c.obj
 *fill*         0x000000001000839d        0x3 
 .rodata.str1.4
                0x00000000100083a0       0x3a CMakeFiles/Goggles.dir/Users/JJ/Desktop/SmartGoggles/pico-sdk/src/rp2_common/pico_stdio_usb/stdio_usb_descriptors.c.obj
 *fill*         0x00000000100083da        0x2 
 .rodata.usbd_desc_cfg
                0x00000000100083dc       0x54 CMakeFiles/Goggles.dir/Users/JJ/Desktop/SmartGoggles/pico-sdk/src/rp2_common/pico_stdio_usb/stdio_usb_descriptors.c.obj
 .rodata.usbd_desc_device
                0x0000000010008430       0x12 CMakeFiles/Goggles.dir/Users/JJ/Desktop/SmartGoggles/pico-sdk/src/rp2_common/pico_stdio_usb/stdio_usb_descriptors.c.obj
 *fill*         0x0000000010008442        0x2 
 .rodata.usbd_desc_str
                0x0000000010008444       0x18 CMakeFiles/Goggles.dir/Users/JJ/Desktop/SmartGoggles/pico-sdk/src/rp2_common/pico_stdio_usb/stdio_usb_descriptors.c.obj
 .rodata._hw_endpoint_alloc.str1.4
                0x000000001000845c       0xc5 CMakeFiles/Goggles.dir/Users/JJ/Desktop/SmartGoggles/pico-sdk/lib/tinyusb/src/portable/raspberrypi/rp2040/dcd_rp2040.c.obj
 *fill*         0x0000000010008521        0x3 
 .rodata._hw_endpoint_init.str1.4
                0x0000000010008524       0x28 CMakeFiles/Goggles.dir/Users/JJ/Desktop/SmartGoggles/pico-sdk/lib/tinyusb/src/portable/raspberrypi/rp2040/dcd_rp2040.c.obj
 .rodata.hw_handle_buff_status.str1.4
                0x000000001000854c        0xb CMakeFiles/Goggles.dir/Users/JJ/Desktop/SmartGoggles/pico-sdk/lib/tinyusb/src/portable/raspberrypi/rp2040/dcd_rp2040.c.obj
 *fill*         0x0000000010008557        0x1 
 .rodata.dcd_rp2040_irq.str1.4
                0x0000000010008558       0x14 CMakeFiles/Goggles.dir/Users/JJ/Desktop/SmartGoggles/pico-sdk/lib/tinyusb/src/portable/raspberrypi/rp2040/dcd_rp2040.c.obj
 .rodata._hw_endpoint_stall.str1.4
                0x000000001000856c        0xd CMakeFiles/Goggles.dir/Users/JJ/Desktop/SmartGoggles/pico-sdk/lib/tinyusb/src/portable/raspberrypi/rp2040/dcd_rp2040.c.obj
 *fill*         0x0000000010008579        0x3 
 .rodata.dcd_int_enable.str1.4
                0x000000001000857c        0xc CMakeFiles/Goggles.dir/Users/JJ/Desktop/SmartGoggles/pico-sdk/lib/tinyusb/src/portable/raspberrypi/rp2040/dcd_rp2040.c.obj
 .rodata.__func__.6781
                0x0000000010008588       0x13 CMakeFiles/Goggles.dir/Users/JJ/Desktop/SmartGoggles/pico-sdk/lib/tinyusb/src/portable/raspberrypi/rp2040/dcd_rp2040.c.obj
 *fill*         0x000000001000859b        0x1 
 .rodata.__func__.6812
                0x000000001000859c       0x16 CMakeFiles/Goggles.dir/Users/JJ/Desktop/SmartGoggles/pico-sdk/lib/tinyusb/src/portable/raspberrypi/rp2040/dcd_rp2040.c.obj
 *fill*         0x00000000100085b2        0x2 
 .rodata.__func__.6833
                0x00000000100085b4       0x13 CMakeFiles/Goggles.dir/Users/JJ/Desktop/SmartGoggles/pico-sdk/lib/tinyusb/src/portable/raspberrypi/rp2040/dcd_rp2040.c.obj
 *fill*         0x00000000100085c7        0x1 
 .rodata.__func__.6854
                0x00000000100085c8        0x9 CMakeFiles/Goggles.dir/Users/JJ/Desktop/SmartGoggles/pico-sdk/lib/tinyusb/src/portable/raspberrypi/rp2040/dcd_rp2040.c.obj
 *fill*         0x00000000100085d1        0x3 
 .rodata.__func__.6858
                0x00000000100085d4        0xf CMakeFiles/Goggles.dir/Users/JJ/Desktop/SmartGoggles/pico-sdk/lib/tinyusb/src/portable/raspberrypi/rp2040/dcd_rp2040.c.obj
 *fill*         0x00000000100085e3        0x1 
 .rodata.__func__.6867
                0x00000000100085e4       0x10 CMakeFiles/Goggles.dir/Users/JJ/Desktop/SmartGoggles/pico-sdk/lib/tinyusb/src/portable/raspberrypi/rp2040/dcd_rp2040.c.obj
 .rodata.__func__.6879
                0x00000000100085f4        0xc CMakeFiles/Goggles.dir/Users/JJ/Desktop/SmartGoggles/pico-sdk/lib/tinyusb/src/portable/raspberrypi/rp2040/dcd_rp2040.c.obj
 .rodata.__func__.6884
                0x0000000010008600       0x1a CMakeFiles/Goggles.dir/Users/JJ/Desktop/SmartGoggles/pico-sdk/lib/tinyusb/src/portable/raspberrypi/rp2040/dcd_rp2040.c.obj
 *fill*         0x000000001000861a        0x2 
 .rodata.__func__.6889
                0x000000001000861c        0xe CMakeFiles/Goggles.dir/Users/JJ/Desktop/SmartGoggles/pico-sdk/lib/tinyusb/src/portable/raspberrypi/rp2040/dcd_rp2040.c.obj
 *fill*         0x000000001000862a        0x2 
 .rodata.__func__.6896
                0x000000001000862c        0xe CMakeFiles/Goggles.dir/Users/JJ/Desktop/SmartGoggles/pico-sdk/lib/tinyusb/src/portable/raspberrypi/rp2040/dcd_rp2040.c.obj
 *fill*         0x000000001000863a        0x2 
 .rodata.__func__.6901
                0x000000001000863c        0xf CMakeFiles/Goggles.dir/Users/JJ/Desktop/SmartGoggles/pico-sdk/lib/tinyusb/src/portable/raspberrypi/rp2040/dcd_rp2040.c.obj
 *fill*         0x000000001000864b        0x1 
 .rodata.__func__.6906
                0x000000001000864c       0x15 CMakeFiles/Goggles.dir/Users/JJ/Desktop/SmartGoggles/pico-sdk/lib/tinyusb/src/portable/raspberrypi/rp2040/dcd_rp2040.c.obj
 *fill*         0x0000000010008661        0x3 
 .rodata._hw_endpoint_buffer_control_update32.str1.4
                0x0000000010008664       0x1f CMakeFiles/Goggles.dir/Users/JJ/Desktop/SmartGoggles/pico-sdk/lib/tinyusb/src/portable/raspberrypi/rp2040/rp2040_usb.c.obj
 *fill*         0x0000000010008683        0x1 
 .rodata._hw_endpoint_xfer_sync.str1.4
                0x0000000010008684       0xa1 CMakeFiles/Goggles.dir/Users/JJ/Desktop/SmartGoggles/pico-sdk/lib/tinyusb/src/portable/raspberrypi/rp2040/rp2040_usb.c.obj
 *fill*         0x0000000010008725        0x3 
 .rodata._hw_endpoint_xfer_continue.str1.4
                0x0000000010008728       0x50 CMakeFiles/Goggles.dir/Users/JJ/Desktop/SmartGoggles/pico-sdk/lib/tinyusb/src/portable/raspberrypi/rp2040/rp2040_usb.c.obj
 .rodata._hw_endpoint_xfer.str1.4
                0x0000000010008778        0xf CMakeFiles/Goggles.dir/Users/JJ/Desktop/SmartGoggles/pico-sdk/lib/tinyusb/src/portable/raspberrypi/rp2040/rp2040_usb.c.obj
 .rodata.str1.4
                0x0000000010008787        0xf CMakeFiles/Goggles.dir/Users/JJ/Desktop/SmartGoggles/pico-sdk/lib/tinyusb/src/portable/raspberrypi/rp2040/rp2040_usb.c.obj
                                          0x7 (size before relaxing)
 *fill*         0x0000000010008787        0x1 
 .rodata.__func__.6655
                0x0000000010008788       0x17 CMakeFiles/Goggles.dir/Users/JJ/Desktop/SmartGoggles/pico-sdk/lib/tinyusb/src/portable/raspberrypi/rp2040/rp2040_usb.c.obj
 *fill*         0x000000001000879f        0x1 
 .rodata.__func__.6666
                0x00000000100087a0       0x12 CMakeFiles/Goggles.dir/Users/JJ/Desktop/SmartGoggles/pico-sdk/lib/tinyusb/src/portable/raspberrypi/rp2040/rp2040_usb.c.obj
 *fill*         0x00000000100087b2        0x2 
 .rodata.process_set_config.str1.4
                0x00000000100087b4       0x17 CMakeFiles/Goggles.dir/Users/JJ/Desktop/SmartGoggles/pico-sdk/lib/tinyusb/src/device/usbd.c.obj
 *fill*         0x00000000100087cb        0x1 
 .rodata.process_get_descriptor
                0x00000000100087cc       0x40 CMakeFiles/Goggles.dir/Users/JJ/Desktop/SmartGoggles/pico-sdk/lib/tinyusb/src/device/usbd.c.obj
 .rodata.dcd_event_handler.str1.4
                0x000000001000880c       0x59 CMakeFiles/Goggles.dir/Users/JJ/Desktop/SmartGoggles/pico-sdk/lib/tinyusb/src/device/usbd.c.obj
 *fill*         0x0000000010008865        0x3 
 .rodata.process_control_request
                0x0000000010008868       0x28 CMakeFiles/Goggles.dir/Users/JJ/Desktop/SmartGoggles/pico-sdk/lib/tinyusb/src/device/usbd.c.obj
 .rodata.tud_task
                0x0000000010008890       0x24 CMakeFiles/Goggles.dir/Users/JJ/Desktop/SmartGoggles/pico-sdk/lib/tinyusb/src/device/usbd.c.obj
 .rodata.__func__.6415
                0x00000000100088b4       0x13 CMakeFiles/Goggles.dir/Users/JJ/Desktop/SmartGoggles/pico-sdk/lib/tinyusb/src/device/usbd.c.obj
 *fill*         0x00000000100088c7        0x1 
 .rodata.__func__.6422
                0x00000000100088c8       0x10 CMakeFiles/Goggles.dir/Users/JJ/Desktop/SmartGoggles/pico-sdk/lib/tinyusb/src/device/usbd.c.obj
 .rodata.__func__.7193
                0x00000000100088d8        0x9 CMakeFiles/Goggles.dir/Users/JJ/Desktop/SmartGoggles/pico-sdk/lib/tinyusb/src/device/usbd.c.obj
 *fill*         0x00000000100088e1        0x3 
 .rodata.__func__.7214
                0x00000000100088e4       0x18 CMakeFiles/Goggles.dir/Users/JJ/Desktop/SmartGoggles/pico-sdk/lib/tinyusb/src/device/usbd.c.obj
 .rodata.__func__.7253
                0x00000000100088fc       0x13 CMakeFiles/Goggles.dir/Users/JJ/Desktop/SmartGoggles/pico-sdk/lib/tinyusb/src/device/usbd.c.obj
 *fill*         0x000000001000890f        0x1 
 .rodata.__func__.7296
                0x0000000010008910       0x17 CMakeFiles/Goggles.dir/Users/JJ/Desktop/SmartGoggles/pico-sdk/lib/tinyusb/src/device/usbd.c.obj
 *fill*         0x0000000010008927        0x1 
 .rodata.__func__.7350
                0x0000000010008928       0x14 CMakeFiles/Goggles.dir/Users/JJ/Desktop/SmartGoggles/pico-sdk/lib/tinyusb/src/device/usbd.c.obj
 .rodata.__func__.7386
                0x000000001000893c        0xf CMakeFiles/Goggles.dir/Users/JJ/Desktop/SmartGoggles/pico-sdk/lib/tinyusb/src/device/usbd.c.obj
 *fill*         0x000000001000894b        0x1 
 .rodata._usbd_driver
                0x000000001000894c       0x1c CMakeFiles/Goggles.dir/Users/JJ/Desktop/SmartGoggles/pico-sdk/lib/tinyusb/src/device/usbd.c.obj
 .rodata.tud_control_xfer.str1.4
                0x0000000010008968       0x17 CMakeFiles/Goggles.dir/Users/JJ/Desktop/SmartGoggles/pico-sdk/lib/tinyusb/src/device/usbd_control.c.obj
 .rodata.__func__.7113
                0x0000000010008968       0x11 CMakeFiles/Goggles.dir/Users/JJ/Desktop/SmartGoggles/pico-sdk/lib/tinyusb/src/device/usbd_control.c.obj
 *fill*         0x0000000010008979        0x3 
 .rodata.__func__.7131
                0x000000001000897c       0x15 CMakeFiles/Goggles.dir/Users/JJ/Desktop/SmartGoggles/pico-sdk/lib/tinyusb/src/device/usbd_control.c.obj
 .rodata.tud_cdc_n_write_flush.str1.4
                0x0000000010008991       0x17 CMakeFiles/Goggles.dir/Users/JJ/Desktop/SmartGoggles/pico-sdk/lib/tinyusb/src/class/cdc/cdc_device.c.obj
 *fill*         0x0000000010008991        0x3 
 .rodata.__func__.7055